Archive member included to satisfy reference by file (symbol)

C:\Users\Mark\DOCUME~1\ATMELS~1\7.0\CUSTOM~1\REFERE~1\AVRARD~1\AVRARD~1\ARDUIN~1\Debug\libArduinoCore.a(abi.o)
                              src/libraries/Adafruit_GFX/Adafruit_GFX.o (__cxa_pure_virtual)
C:\Users\Mark\DOCUME~1\ATMELS~1\7.0\CUSTOM~1\REFERE~1\AVRARD~1\AVRARD~1\ARDUIN~1\Debug\libArduinoCore.a(HardwareSerial.o)
                              src/libraries/RGBmatrixPanel/RGBmatrixPanel.o (_ZN14HardwareSerial5writeEh)
C:\Users\Mark\DOCUME~1\ATMELS~1\7.0\CUSTOM~1\REFERE~1\AVRARD~1\AVRARD~1\ARDUIN~1\Debug\libArduinoCore.a(HardwareSerial0.o)
                              src/libraries/RGBmatrixPanel/RGBmatrixPanel.o (Serial)
C:\Users\Mark\DOCUME~1\ATMELS~1\7.0\CUSTOM~1\REFERE~1\AVRARD~1\AVRARD~1\ARDUIN~1\Debug\libArduinoCore.a(main.o)
                              C:/Program Files (x86)/Atmel/Studio/7.0/Packs/atmel/ATmega_DFP/1.0.98/gcc/dev/atmega328p/avr5/crtatmega328p.o (main)
C:\Users\Mark\DOCUME~1\ATMELS~1\7.0\CUSTOM~1\REFERE~1\AVRARD~1\AVRARD~1\ARDUIN~1\Debug\libArduinoCore.a(Print.o)
                              src/libraries/Adafruit_GFX/Adafruit_GFX.o (_ZN5Print5writeEPKhj)
C:\Users\Mark\DOCUME~1\ATMELS~1\7.0\CUSTOM~1\REFERE~1\AVRARD~1\AVRARD~1\ARDUIN~1\Debug\libArduinoCore.a(wiring.o)
                              src/libraries/RGBmatrixPanel/RGBmatrixPanel.o (delay)
C:\Users\Mark\DOCUME~1\ATMELS~1\7.0\CUSTOM~1\REFERE~1\AVRARD~1\AVRARD~1\ARDUIN~1\Debug\libArduinoCore.a(wiring_digital.o)
                              src/libraries/RGBmatrixPanel/RGBmatrixPanel.o (pinMode)
C:\Users\Mark\DOCUME~1\ATMELS~1\7.0\CUSTOM~1\REFERE~1\AVRARD~1\AVRARD~1\ARDUIN~1\Debug\libArduinoCore.a(hooks.o)
                              C:\Users\Mark\DOCUME~1\ATMELS~1\7.0\CUSTOM~1\REFERE~1\AVRARD~1\AVRARD~1\ARDUIN~1\Debug\libArduinoCore.a(wiring.o) (yield)
c:/program files (x86)/atmel/studio/7.0/toolchain/avr8/avr8-gnu-toolchain/bin/../lib/gcc/avr/4.9.2/../../../../avr/lib/avr5\libm.a(addsf3.o)
                              C:\Users\Mark\DOCUME~1\ATMELS~1\7.0\CUSTOM~1\REFERE~1\AVRARD~1\AVRARD~1\ARDUIN~1\Debug\libArduinoCore.a(Print.o) (__subsf3)
c:/program files (x86)/atmel/studio/7.0/toolchain/avr8/avr8-gnu-toolchain/bin/../lib/gcc/avr/4.9.2/../../../../avr/lib/avr5\libm.a(addsf3x.o)
                              c:/program files (x86)/atmel/studio/7.0/toolchain/avr8/avr8-gnu-toolchain/bin/../lib/gcc/avr/4.9.2/../../../../avr/lib/avr5\libm.a(addsf3.o) (__addsf3x)
c:/program files (x86)/atmel/studio/7.0/toolchain/avr8/avr8-gnu-toolchain/bin/../lib/gcc/avr/4.9.2/../../../../avr/lib/avr5\libm.a(cmpsf2.o)
                              C:\Users\Mark\DOCUME~1\ATMELS~1\7.0\CUSTOM~1\REFERE~1\AVRARD~1\AVRARD~1\ARDUIN~1\Debug\libArduinoCore.a(Print.o) (__ltsf2)
c:/program files (x86)/atmel/studio/7.0/toolchain/avr8/avr8-gnu-toolchain/bin/../lib/gcc/avr/4.9.2/../../../../avr/lib/avr5\libm.a(divsf3.o)
                              C:\Users\Mark\DOCUME~1\ATMELS~1\7.0\CUSTOM~1\REFERE~1\AVRARD~1\AVRARD~1\ARDUIN~1\Debug\libArduinoCore.a(Print.o) (__divsf3)
c:/program files (x86)/atmel/studio/7.0/toolchain/avr8/avr8-gnu-toolchain/bin/../lib/gcc/avr/4.9.2/../../../../avr/lib/avr5\libm.a(divsf3x.o)
                              c:/program files (x86)/atmel/studio/7.0/toolchain/avr8/avr8-gnu-toolchain/bin/../lib/gcc/avr/4.9.2/../../../../avr/lib/avr5\libm.a(divsf3.o) (__divsf3x)
c:/program files (x86)/atmel/studio/7.0/toolchain/avr8/avr8-gnu-toolchain/bin/../lib/gcc/avr/4.9.2/../../../../avr/lib/avr5\libm.a(fixsfsi.o)
                              C:\Users\Mark\DOCUME~1\ATMELS~1\7.0\CUSTOM~1\REFERE~1\AVRARD~1\AVRARD~1\ARDUIN~1\Debug\libArduinoCore.a(Print.o) (__fixsfsi)
c:/program files (x86)/atmel/studio/7.0/toolchain/avr8/avr8-gnu-toolchain/bin/../lib/gcc/avr/4.9.2/../../../../avr/lib/avr5\libm.a(fixunssfsi.o)
                              C:\Users\Mark\DOCUME~1\ATMELS~1\7.0\CUSTOM~1\REFERE~1\AVRARD~1\AVRARD~1\ARDUIN~1\Debug\libArduinoCore.a(Print.o) (__fixunssfsi)
c:/program files (x86)/atmel/studio/7.0/toolchain/avr8/avr8-gnu-toolchain/bin/../lib/gcc/avr/4.9.2/../../../../avr/lib/avr5\libm.a(floatsisf.o)
                              C:\Users\Mark\DOCUME~1\ATMELS~1\7.0\CUSTOM~1\REFERE~1\AVRARD~1\AVRARD~1\ARDUIN~1\Debug\libArduinoCore.a(Print.o) (__floatunsisf)
c:/program files (x86)/atmel/studio/7.0/toolchain/avr8/avr8-gnu-toolchain/bin/../lib/gcc/avr/4.9.2/../../../../avr/lib/avr5\libm.a(fp_cmp.o)
                              c:/program files (x86)/atmel/studio/7.0/toolchain/avr8/avr8-gnu-toolchain/bin/../lib/gcc/avr/4.9.2/../../../../avr/lib/avr5\libm.a(cmpsf2.o) (__fp_cmp)
c:/program files (x86)/atmel/studio/7.0/toolchain/avr8/avr8-gnu-toolchain/bin/../lib/gcc/avr/4.9.2/../../../../avr/lib/avr5\libm.a(fp_inf.o)
                              c:/program files (x86)/atmel/studio/7.0/toolchain/avr8/avr8-gnu-toolchain/bin/../lib/gcc/avr/4.9.2/../../../../avr/lib/avr5\libm.a(addsf3x.o) (__fp_inf)
[...]
Memory Configuration

Name             Origin             Length             Attributes
text             0x00000000         0x00020000         xr
data             0x00800060         0x0000ffa0         rw !x
eeprom           0x00810000         0x00010000         rw !x
fuse             0x00820000         0x00000400         rw !x
lock             0x00830000         0x00000400         rw !x
signature        0x00840000         0x00000400         rw !x
user_signatures  0x00850000         0x00000400         rw !x
*default*        0x00000000         0xffffffff

Linker script and memory map

Address of section .data set to 0x800100
LOAD C:/Program Files (x86)/Atmel/Studio/7.0/Packs/atmel/ATmega_DFP/1.0.98/gcc/dev/atmega328p/avr5/crtatmega328p.o
LOAD Sketch.o
LOAD src/libraries/Adafruit_GFX/Adafruit_GFX.o
LOAD src/libraries/Adafruit_GFX/glcdfont.o
LOAD src/libraries/MsTimer2/MsTimer2.o
LOAD src/libraries/RGBmatrixPanel/extras/gamma.o
LOAD src/libraries/RGBmatrixPanel/extras/sine.o
LOAD src/libraries/RGBmatrixPanel/RGBmatrixPanel.o
START GROUP
LOAD c:/program files (x86)/atmel/studio/7.0/toolchain/avr8/avr8-gnu-toolchain/bin/../lib/gcc/avr/4.9.2/../../../../avr/lib/avr5\libm.a
LOAD C:\Users\Mark\DOCUME~1\ATMELS~1\7.0\CUSTOM~1\REFERE~1\AVRARD~1\AVRARD~1\ARDUIN~1\Debug\libArduinoCore.a
END GROUP
LOAD c:/program files (x86)/atmel/studio/7.0/toolchain/avr8/avr8-gnu-toolchain/bin/../lib/gcc/avr/4.9.2/avr5\libgcc.a
LOAD c:/program files (x86)/atmel/studio/7.0/toolchain/avr8/avr8-gnu-toolchain/bin/../lib/gcc/avr/4.9.2/../../../../avr/lib/avr5\libm.a
START GROUP
LOAD c:/program files (x86)/atmel/studio/7.0/toolchain/avr8/avr8-gnu-toolchain/bin/../lib/gcc/avr/4.9.2/avr5\libgcc.a
LOAD c:/program files (x86)/atmel/studio/7.0/toolchain/avr8/avr8-gnu-toolchain/bin/../lib/gcc/avr/4.9.2/../../../../avr/lib/avr5\libm.a
LOAD c:/program files (x86)/atmel/studio/7.0/toolchain/avr8/avr8-gnu-toolchain/bin/../lib/gcc/avr/4.9.2/../../../../avr/lib/avr5\libc.a
LOAD C:/Program Files (x86)/Atmel/Studio/7.0/Packs/atmel/ATmega_DFP/1.0.98/gcc/dev/atmega328p/avr5\libatmega328p.a
END GROUP

.hash
 *(.hash)

.dynsym
 *(.dynsym)

.dynstr
 *(.dynstr)

.gnu.version
 *(.gnu.version)

.gnu.version_d
 *(.gnu.version_d)

.gnu.version_r
 *(.gnu.version_r)

.rel.init
 *(.rel.init)

.rela.init
 *(.rela.init)

.rel.text
 *(.rel.text)
 *(.rel.text.*)
 *(.rel.gnu.linkonce.t*)

.rela.text
 *(.rela.text)
 *(.rela.text.*)
 *(.rela.gnu.linkonce.t*)

.rel.fini
 *(.rel.fini)

.rela.fini
 *(.rela.fini)

.rel.rodata
 *(.rel.rodata)
 *(.rel.rodata.*)
 *(.rel.gnu.linkonce.r*)

.rela.rodata
 *(.rela.rodata)
 *(.rela.rodata.*)
 *(.rela.gnu.linkonce.r*)

.rel.data
 *(.rel.data)
 *(.rel.data.*)
 *(.rel.gnu.linkonce.d*)

.rela.data
 *(.rela.data)
 *(.rela.data.*)
 *(.rela.gnu.linkonce.d*)

.rel.ctors
 *(.rel.ctors)

.rela.ctors
 *(.rela.ctors)

.rel.dtors
 *(.rel.dtors)

.rela.dtors
 *(.rela.dtors)

.rel.got
 *(.rel.got)

.rela.got
 *(.rela.got)

.rel.bss
 *(.rel.bss)

.rela.bss
 *(.rela.bss)

.rel.plt
 *(.rel.plt)

.rela.plt
 *(.rela.plt)

.text           0x00000000     0x2452
 *(.vectors)
 .vectors       0x00000000       0x68 C:/Program Files (x86)/Atmel/Studio/7.0/Packs/atmel/ATmega_DFP/1.0.98/gcc/dev/atmega328p/avr5/crtatmega328p.o
                0x00000000                __vector_default
                0x00000000                __vectors
 *(.vectors)
 *(.progmem.gcc*)
                0x00000068                . = ALIGN (0x2)
                0x00000068                __trampolines_start = .
 *(.trampolines)
 .trampolines   0x00000068        0x0 linker stubs
 *(.trampolines*)
                0x00000068                __trampolines_end = .
 *(.progmem*)
 .progmem.data._ZL4font
                0x00000068      0x500 src/libraries/Adafruit_GFX/Adafruit_GFX.o
 .progmem.data.digital_pin_to_bit_mask_PGM
                0x00000568       0x14 C:\Users\Mark\DOCUME~1\ATMELS~1\7.0\CUSTOM~1\REFERE~1\AVRARD~1\AVRARD~1\ARDUIN~1\Debug\libArduinoCore.a(wiring_digital.o)
                0x00000568                digital_pin_to_bit_mask_PGM
 .progmem.data.digital_pin_to_port_PGM
                0x0000057c       0x14 C:\Users\Mark\DOCUME~1\ATMELS~1\7.0\CUSTOM~1\REFERE~1\AVRARD~1\AVRARD~1\ARDUIN~1\Debug\libArduinoCore.a(wiring_digital.o)
                0x0000057c                digital_pin_to_port_PGM
 .progmem.data.port_to_output_PGM
                0x00000590        0xa C:\Users\Mark\DOCUME~1\ATMELS~1\7.0\CUSTOM~1\REFERE~1\AVRARD~1\AVRARD~1\ARDUIN~1\Debug\libArduinoCore.a(wiring_digital.o)
                0x00000590                port_to_output_PGM
 .progmem.data.port_to_mode_PGM
                0x0000059a        0xa C:\Users\Mark\DOCUME~1\ATMELS~1\7.0\CUSTOM~1\REFERE~1\AVRARD~1\AVRARD~1\ARDUIN~1\Debug\libArduinoCore.a(wiring_digital.o)
                0x0000059a                port_to_mode_PGM
                0x000005a4                . = ALIGN (0x2)
 *(.jumptables)
 *(.jumptables*)
 *(.lowtext)
 *(.lowtext*)
                0x000005a4                __ctors_start = .
 *(.ctors)
 .ctors         0x000005a4        0x2 Sketch.o
 .ctors         0x000005a6        0x2 C:\Users\Mark\DOCUME~1\ATMELS~1\7.0\CUSTOM~1\REFERE~1\AVRARD~1\AVRARD~1\ARDUIN~1\Debug\libArduinoCore.a(HardwareSerial0.o)
                0x000005a8                __ctors_end = .
                0x000005a8                __dtors_start = .
 *(.dtors)
                0x000005a8                __dtors_end = .
 SORT(*)(.ctors)
 SORT(*)(.dtors)
 *(.init0)
 .init0         0x000005a8        0x0 C:/Program Files (x86)/Atmel/Studio/7.0/Packs/atmel/ATmega_DFP/1.0.98/gcc/dev/atmega328p/avr5/crtatmega328p.o
                0x000005a8                __init
 *(.init0)
 *(.init1)
 *(.init1)
 *(.init2)
 .init2         0x000005a8        0xc C:/Program Files (x86)/Atmel/Studio/7.0/Packs/atmel/ATmega_DFP/1.0.98/gcc/dev/atmega328p/avr5/crtatmega328p.o
 *(.init2)
 *(.init3)
 *(.init3)
 *(.init4)
 .init4         0x000005b4       0x16 c:/program files (x86)/atmel/studio/7.0/toolchain/avr8/avr8-gnu-toolchain/bin/../lib/gcc/avr/4.9.2/avr5\libgcc.a(_copy_data.o)
                0x000005b4                __do_copy_data
 .init4         0x000005ca       0x10 c:/program files (x86)/atmel/studio/7.0/toolchain/avr8/avr8-gnu-toolchain/bin/../lib/gcc/avr/4.9.2/avr5\libgcc.a(_clear_bss.o)
                0x000005ca                __do_clear_bss
 *(.init4)
 *(.init5)
 *(.init5)
 *(.init6)
 .init6         0x000005da       0x16 c:/program files (x86)/atmel/studio/7.0/toolchain/avr8/avr8-gnu-toolchain/bin/../lib/gcc/avr/4.9.2/avr5\libgcc.a(_ctors.o)
                0x000005da                __do_global_ctors
 *(.init6)
 *(.init7)
 *(.init7)
 *(.init8)
 *(.init8)
 *(.init9)
 .init9         0x000005f0        0x8 C:/Program Files (x86)/Atmel/Studio/7.0/Packs/atmel/ATmega_DFP/1.0.98/gcc/dev/atmega328p/avr5/crtatmega328p.o
 *(.init9)
 *(.text)
 .text          0x000005f8        0x4 C:/Program Files (x86)/Atmel/Studio/7.0/Packs/atmel/ATmega_DFP/1.0.98/gcc/dev/atmega328p/avr5/crtatmega328p.o
                0x000005f8                __vector_22
                0x000005f8                __vector_1
                0x000005f8                __vector_24
                0x000005f8                __vector_12
                0x000005f8                __bad_interrupt
                0x000005f8                __vector_6
                0x000005f8                __vector_3
                0x000005f8                __vector_23
                0x000005f8                __vector_25
                0x000005f8                __vector_11
                0x000005f8                __vector_17
                0x000005f8                __vector_7
                0x000005f8                __vector_5
                0x000005f8                __vector_4
                0x000005f8                __vector_2
                0x000005f8                __vector_21
                0x000005f8                __vector_15
                0x000005f8                __vector_8
                0x000005f8                __vector_14
                0x000005f8                __vector_10
                0x000005f8                __vector_20
                0x000005fc                . = ALIGN (0x2)
 *(.text.*)
 .text.setup    0x000005fc       0x1c Sketch.o
                0x000005fc                setup
 .text.loop     0x00000618        0xa Sketch.o
                0x00000618                loop
 .text.startup._GLOBAL__sub_I_matrix
                0x00000622       0x3a Sketch.o
 .text._Z5flashv
                0x0000065c       0x42 Sketch.o
                0x0000065c                _Z5flashv
 .text._ZN12Adafruit_GFX8drawLineEiiiij
                0x0000069e      0x154 src/libraries/Adafruit_GFX/Adafruit_GFX.o
                0x0000069e                _ZN12Adafruit_GFX8drawLineEiiiij
 .text._ZN12Adafruit_GFX8drawRectEiiiij
                0x000007f2       0x9e src/libraries/Adafruit_GFX/Adafruit_GFX.o
                0x000007f2                _ZN12Adafruit_GFX8drawRectEiiiij
 .text._ZN12Adafruit_GFX13drawFastVLineEiiij
                0x00000890       0x2e src/libraries/Adafruit_GFX/Adafruit_GFX.o
                0x00000890                _ZN12Adafruit_GFX13drawFastVLineEiiij
 .text._ZN12Adafruit_GFX13drawFastHLineEiiij
                0x000008be       0x2c src/libraries/Adafruit_GFX/Adafruit_GFX.o
                0x000008be                _ZN12Adafruit_GFX13drawFastHLineEiiij
 .text._ZN12Adafruit_GFX8fillRectEiiiij
                0x000008ea       0x6a src/libraries/Adafruit_GFX/Adafruit_GFX.o
                0x000008ea                _ZN12Adafruit_GFX8fillRectEiiiij
 .text._ZN12Adafruit_GFX10fillScreenEj
                0x00000954       0x3c src/libraries/Adafruit_GFX/Adafruit_GFX.o
                0x00000954                _ZN12Adafruit_GFX10fillScreenEj
 .text._ZN12Adafruit_GFX13invertDisplayEb
                0x00000990        0x2 src/libraries/Adafruit_GFX/Adafruit_GFX.o
                0x00000990                _ZN12Adafruit_GFX13invertDisplayEb
 .text._ZN12Adafruit_GFXC2Eii
                0x00000992       0x42 src/libraries/Adafruit_GFX/Adafruit_GFX.o
                0x00000992                _ZN12Adafruit_GFXC2Eii
                0x00000992                _ZN12Adafruit_GFXC1Eii
 .text._ZN12Adafruit_GFX8drawCharEiihjjh
                0x000009d4      0x356 src/libraries/Adafruit_GFX/Adafruit_GFX.o
                0x000009d4                _ZN12Adafruit_GFX8drawCharEiihjjh
 .text._ZN12Adafruit_GFX5writeEh
                0x00000d2a      0x1ae src/libraries/Adafruit_GFX/Adafruit_GFX.o
                0x00000d2a                _ZN12Adafruit_GFX5writeEh
 .text._ZN8MsTimer23setEmPFvvE
                0x00000ed8       0x90 src/libraries/MsTimer2/MsTimer2.o
                0x00000ed8                _ZN8MsTimer23setEmPFvvE
 .text._ZN8MsTimer25startEv
                0x00000f68       0x2c src/libraries/MsTimer2/MsTimer2.o
                0x00000f68                _ZN8MsTimer25startEv
 .text._ZN8MsTimer29_overflowEv
                0x00000f94       0x96 src/libraries/MsTimer2/MsTimer2.o
                0x00000f94                _ZN8MsTimer29_overflowEv
 .text.__vector_9
                0x0000102a       0x54 src/libraries/MsTimer2/MsTimer2.o
                0x0000102a                __vector_9
 .text._ZN14RGBmatrixPanel9drawPixelEiij
                0x0000107e      0x26c src/libraries/RGBmatrixPanel/RGBmatrixPanel.o
                0x0000107e                _ZN14RGBmatrixPanel9drawPixelEiij
 .text._ZN14RGBmatrixPanel4initEhhhhhhhbh
                0x000012ea      0x1e4 src/libraries/RGBmatrixPanel/RGBmatrixPanel.o
                0x000012ea                _ZN14RGBmatrixPanel4initEhhhhhhhbh
 .text._ZN14RGBmatrixPanelC2Ehhhhhhhbh
                0x000014ce       0xa8 src/libraries/RGBmatrixPanel/RGBmatrixPanel.o
                0x000014ce                _ZN14RGBmatrixPanelC1Ehhhhhhhbh
                0x000014ce                _ZN14RGBmatrixPanelC2Ehhhhhhhbh
 .text._ZN14RGBmatrixPanel5beginEv
                0x00001576       0xf6 src/libraries/RGBmatrixPanel/RGBmatrixPanel.o
                0x00001576                _ZN14RGBmatrixPanel5beginEv
 .text._ZN14RGBmatrixPanel8Color333Ehhh
                0x0000166c       0x50 src/libraries/RGBmatrixPanel/RGBmatrixPanel.o
                0x0000166c                _ZN14RGBmatrixPanel8Color333Ehhh
 .text._ZN14RGBmatrixPanel11swapBuffersEb
                0x000016bc       0x88 src/libraries/RGBmatrixPanel/RGBmatrixPanel.o
                0x000016bc                _ZN14RGBmatrixPanel11swapBuffersEb
 .text._ZN14RGBmatrixPanel13updateDisplayEv
                0x00001744      0x470 src/libraries/RGBmatrixPanel/RGBmatrixPanel.o
                0x00001744                _ZN14RGBmatrixPanel13updateDisplayEv
 .text.__vector_13
                0x00001bb4       0x54 src/libraries/RGBmatrixPanel/RGBmatrixPanel.o
                0x00001bb4                __vector_13
 .text._ZN14RGBmatrixPanel10fillScreenEj
                0x00001c08       0x4c src/libraries/RGBmatrixPanel/RGBmatrixPanel.o
                0x00001c08                _ZN14RGBmatrixPanel10fillScreenEj
 .text.__cxa_pure_virtual
                0x00001c54        0x4 C:\Users\Mark\DOCUME~1\ATMELS~1\7.0\CUSTOM~1\REFERE~1\AVRARD~1\AVRARD~1\ARDUIN~1\Debug\libArduinoCore.a(abi.o)
                0x00001c54                __cxa_pure_virtual
 .text._ZN14HardwareSerial9availableEv
                0x00001c58       0x18 C:\Users\Mark\DOCUME~1\ATMELS~1\7.0\CUSTOM~1\REFERE~1\AVRARD~1\AVRARD~1\ARDUIN~1\Debug\libArduinoCore.a(HardwareSerial.o)
                0x00001c58                _ZN14HardwareSerial9availableEv
 .text._ZN14HardwareSerial4peekEv
                0x00001c70       0x1c C:\Users\Mark\DOCUME~1\ATMELS~1\7.0\CUSTOM~1\REFERE~1\AVRARD~1\AVRARD~1\ARDUIN~1\Debug\libArduinoCore.a(HardwareSerial.o)
                0x00001c70                _ZN14HardwareSerial4peekEv
 .text._ZN14HardwareSerial4readEv
                0x00001c8c       0x28 C:\Users\Mark\DOCUME~1\ATMELS~1\7.0\CUSTOM~1\REFERE~1\AVRARD~1\AVRARD~1\ARDUIN~1\Debug\libArduinoCore.a(HardwareSerial.o)
                0x00001c8c                _ZN14HardwareSerial4readEv
 .text._Z14serialEventRunv
                0x00001cb4       0x1c C:\Users\Mark\DOCUME~1\ATMELS~1\7.0\CUSTOM~1\REFERE~1\AVRARD~1\AVRARD~1\ARDUIN~1\Debug\libArduinoCore.a(HardwareSerial.o)
                0x00001cb4                _Z14serialEventRunv
 .text._ZN14HardwareSerial17_tx_udr_empty_irqEv
                0x00001cd0       0x42 C:\Users\Mark\DOCUME~1\ATMELS~1\7.0\CUSTOM~1\REFERE~1\AVRARD~1\AVRARD~1\ARDUIN~1\Debug\libArduinoCore.a(HardwareSerial.o)
                0x00001cd0                _ZN14HardwareSerial17_tx_udr_empty_irqEv
 .text._ZN14HardwareSerial5flushEv
                0x00001d12       0x44 C:\Users\Mark\DOCUME~1\ATMELS~1\7.0\CUSTOM~1\REFERE~1\AVRARD~1\AVRARD~1\ARDUIN~1\Debug\libArduinoCore.a(HardwareSerial.o)
                0x00001d12                _ZN14HardwareSerial5flushEv
 .text._ZN14HardwareSerial5writeEh
                0x00001d56       0x8e C:\Users\Mark\DOCUME~1\ATMELS~1\7.0\CUSTOM~1\REFERE~1\AVRARD~1\AVRARD~1\ARDUIN~1\Debug\libArduinoCore.a(HardwareSerial.o)
                0x00001d56                _ZN14HardwareSerial5writeEh
 .text.__vector_18
                0x00001de4       0x64 C:\Users\Mark\DOCUME~1\ATMELS~1\7.0\CUSTOM~1\REFERE~1\AVRARD~1\AVRARD~1\ARDUIN~1\Debug\libArduinoCore.a(HardwareSerial0.o)
                0x00001de4                __vector_18
 .text.__vector_19
                0x00001e48       0x4c C:\Users\Mark\DOCUME~1\ATMELS~1\7.0\CUSTOM~1\REFERE~1\AVRARD~1\AVRARD~1\ARDUIN~1\Debug\libArduinoCore.a(HardwareSerial0.o)
                0x00001e48                __vector_19
 .text._Z17Serial0_availablev
                0x00001e94       0x14 C:\Users\Mark\DOCUME~1\ATMELS~1\7.0\CUSTOM~1\REFERE~1\AVRARD~1\AVRARD~1\ARDUIN~1\Debug\libArduinoCore.a(HardwareSerial0.o)
                0x00001e94                _Z17Serial0_availablev
 .text.startup._GLOBAL__sub_I___vector_18
                0x00001ea8       0x5a C:\Users\Mark\DOCUME~1\ATMELS~1\7.0\CUSTOM~1\REFERE~1\AVRARD~1\AVRARD~1\ARDUIN~1\Debug\libArduinoCore.a(HardwareSerial0.o)
 .text.initVariant
                0x00001f02        0x2 C:\Users\Mark\DOCUME~1\ATMELS~1\7.0\CUSTOM~1\REFERE~1\AVRARD~1\AVRARD~1\ARDUIN~1\Debug\libArduinoCore.a(main.o)
                0x00001f02                initVariant
 .text.startup.main
                0x00001f04       0x1e C:\Users\Mark\DOCUME~1\ATMELS~1\7.0\CUSTOM~1\REFERE~1\AVRARD~1\AVRARD~1\ARDUIN~1\Debug\libArduinoCore.a(main.o)
                0x00001f04                main
 .text._ZN5Print5writeEPKhj
                0x00001f22       0x56 C:\Users\Mark\DOCUME~1\ATMELS~1\7.0\CUSTOM~1\REFERE~1\AVRARD~1\AVRARD~1\ARDUIN~1\Debug\libArduinoCore.a(Print.o)
                0x00001f22                _ZN5Print5writeEPKhj
 .text.__vector_16
                0x00001f78       0x94 C:\Users\Mark\DOCUME~1\ATMELS~1\7.0\CUSTOM~1\REFERE~1\AVRARD~1\AVRARD~1\ARDUIN~1\Debug\libArduinoCore.a(wiring.o)
                0x00001f78                __vector_16
 .text.micros   0x0000200c       0x4a C:\Users\Mark\DOCUME~1\ATMELS~1\7.0\CUSTOM~1\REFERE~1\AVRARD~1\AVRARD~1\ARDUIN~1\Debug\libArduinoCore.a(wiring.o)
                0x0000200c                micros
 .text.delay    0x00002056       0x78 C:\Users\Mark\DOCUME~1\ATMELS~1\7.0\CUSTOM~1\REFERE~1\AVRARD~1\AVRARD~1\ARDUIN~1\Debug\libArduinoCore.a(wiring.o)
                0x00002056                delay
 .text.init     0x000020ce       0x76 C:\Users\Mark\DOCUME~1\ATMELS~1\7.0\CUSTOM~1\REFERE~1\AVRARD~1\AVRARD~1\ARDUIN~1\Debug\libArduinoCore.a(wiring.o)
                0x000020ce                init
 .text.pinMode  0x00002144       0x78 C:\Users\Mark\DOCUME~1\ATMELS~1\7.0\CUSTOM~1\REFERE~1\AVRARD~1\AVRARD~1\ARDUIN~1\Debug\libArduinoCore.a(wiring_digital.o)
                0x00002144                pinMode
 .text.__empty  0x000021bc        0x2 C:\Users\Mark\DOCUME~1\ATMELS~1\7.0\CUSTOM~1\REFERE~1\AVRARD~1\AVRARD~1\ARDUIN~1\Debug\libArduinoCore.a(hooks.o)
                0x000021bc                yield
 .text.libgcc   0x000021be        0xc c:/program files (x86)/atmel/studio/7.0/toolchain/avr8/avr8-gnu-toolchain/bin/../lib/gcc/avr/4.9.2/avr5\libgcc.a(_tablejump2.o)
                0x000021be                __tablejump2__
 .text.avr-libc
                0x000021ca      0x25a c:/program files (x86)/atmel/studio/7.0/toolchain/avr8/avr8-gnu-toolchain/bin/../lib/gcc/avr/4.9.2/../../../../avr/lib/avr5\libc.a(malloc.o)
                0x000021ca                malloc
                0x000022f4                free
 .text.avr-libc
                0x00002424        0xa c:/program files (x86)/atmel/studio/7.0/toolchain/avr8/avr8-gnu-toolchain/bin/../lib/gcc/avr/4.9.2/../../../../avr/lib/avr5\libc.a(abort.o)
                0x00002424                abort
 .text.avr-libc
                0x0000242e       0x12 c:/program files (x86)/atmel/studio/7.0/toolchain/avr8/avr8-gnu-toolchain/bin/../lib/gcc/avr/4.9.2/../../../../avr/lib/avr5\libc.a(memcpy.o)
                0x0000242e                memcpy
 .text.avr-libc
                0x00002440        0xe c:/program files (x86)/atmel/studio/7.0/toolchain/avr8/avr8-gnu-toolchain/bin/../lib/gcc/avr/4.9.2/../../../../avr/lib/avr5\libc.a(memset.o)
                0x00002440                memset
                0x0000244e                . = ALIGN (0x2)
 *(.fini9)
 .fini9         0x0000244e        0x0 c:/program files (x86)/atmel/studio/7.0/toolchain/avr8/avr8-gnu-toolchain/bin/../lib/gcc/avr/4.9.2/avr5\libgcc.a(_exit.o)
                0x0000244e                _exit
                0x0000244e                exit
 *(.fini9)
 *(.fini8)
 *(.fini8)
 *(.fini7)
 *(.fini7)
 *(.fini6)
 *(.fini6)
 *(.fini5)
 *(.fini5)
 *(.fini4)
 *(.fini4)
 *(.fini3)
 *(.fini3)
 *(.fini2)
 *(.fini2)
 *(.fini1)
 *(.fini1)
 *(.fini0)
 .fini0         0x0000244e        0x4 c:/program files (x86)/atmel/studio/7.0/toolchain/avr8/avr8-gnu-toolchain/bin/../lib/gcc/avr/4.9.2/avr5\libgcc.a(_exit.o)
 *(.fini0)
                0x00002452                _etext = .

.data           0x00800100       0x46 load address 0x00002452
                0x00800100                PROVIDE (__data_start, .)
 *(.data)
 .data          0x00800100        0x6 c:/program files (x86)/atmel/studio/7.0/toolchain/avr8/avr8-gnu-toolchain/bin/../lib/gcc/avr/4.9.2/../../../../avr/lib/avr5\libc.a(malloc.o)
                0x00800100                __malloc_heap_end
                0x00800102                __malloc_heap_start
                0x00800104                __malloc_margin
 *(.data*)
 *(.rodata)
 *(.rodata*)
 .rodata._ZTV12Adafruit_GFX
                0x00800106       0x18 src/libraries/Adafruit_GFX/Adafruit_GFX.o
                0x00800106                _ZTV12Adafruit_GFX
 .rodata._ZTV14RGBmatrixPanel
                0x0080011e       0x18 src/libraries/RGBmatrixPanel/RGBmatrixPanel.o
                0x0080011e                _ZTV14RGBmatrixPanel
 .rodata._ZTV14HardwareSerial
                0x00800136       0x10 C:\Users\Mark\DOCUME~1\ATMELS~1\7.0\CUSTOM~1\REFERE~1\AVRARD~1\AVRARD~1\ARDUIN~1\Debug\libArduinoCore.a(HardwareSerial.o)
                0x00800136                _ZTV14HardwareSerial
 *(.gnu.linkonce.d*)
                0x00800146                . = ALIGN (0x2)
                0x00800146                _edata = .
                0x00800146                PROVIDE (__data_end, .)

.bss            0x00800146       0xf9
                0x00800146                PROVIDE (__bss_start, .)
 *(.bss)
 *(.bss*)
 .bss.x         0x00800146        0x1 Sketch.o
                0x00800146                x
 .bss.matrix    0x00800147       0x3f Sketch.o
                0x00800147                matrix
 .bss._ZN8MsTimer25tcnt2E
                0x00800186        0x2 src/libraries/MsTimer2/MsTimer2.o
                0x00800186                _ZN8MsTimer25tcnt2E
 .bss._ZN8MsTimer211overflowingE
                0x00800188        0x1 src/libraries/MsTimer2/MsTimer2.o
                0x00800188                _ZN8MsTimer211overflowingE
 .bss._ZN8MsTimer25countE
                0x00800189        0x4 src/libraries/MsTimer2/MsTimer2.o
                0x00800189                _ZN8MsTimer25countE
 .bss._ZN8MsTimer24funcE
                0x0080018d        0x2 src/libraries/MsTimer2/MsTimer2.o
                0x0080018d                _ZN8MsTimer24funcE
 .bss._ZN8MsTimer25msecsE
                0x0080018f        0x4 src/libraries/MsTimer2/MsTimer2.o
                0x0080018f                _ZN8MsTimer25msecsE
 .bss._ZL11activePanel
                0x00800193        0x2 src/libraries/RGBmatrixPanel/RGBmatrixPanel.o
 .bss.Serial    0x00800195       0x9d C:\Users\Mark\DOCUME~1\ATMELS~1\7.0\CUSTOM~1\REFERE~1\AVRARD~1\AVRARD~1\ARDUIN~1\Debug\libArduinoCore.a(HardwareSerial0.o)
                0x00800195                Serial
 .bss.timer0_fract
                0x00800232        0x1 C:\Users\Mark\DOCUME~1\ATMELS~1\7.0\CUSTOM~1\REFERE~1\AVRARD~1\AVRARD~1\ARDUIN~1\Debug\libArduinoCore.a(wiring.o)
 .bss.timer0_millis
                0x00800233        0x4 C:\Users\Mark\DOCUME~1\ATMELS~1\7.0\CUSTOM~1\REFERE~1\AVRARD~1\AVRARD~1\ARDUIN~1\Debug\libArduinoCore.a(wiring.o)
                0x00800233                timer0_millis
 .bss.timer0_overflow_count
                0x00800237        0x4 C:\Users\Mark\DOCUME~1\ATMELS~1\7.0\CUSTOM~1\REFERE~1\AVRARD~1\AVRARD~1\ARDUIN~1\Debug\libArduinoCore.a(wiring.o)
                0x00800237                timer0_overflow_count
 *(COMMON)
 COMMON         0x0080023b        0x4 c:/program files (x86)/atmel/studio/7.0/toolchain/avr8/avr8-gnu-toolchain/bin/../lib/gcc/avr/4.9.2/../../../../avr/lib/avr5\libc.a(malloc.o)
                0x0080023b                __brkval
                0x0080023d                __flp
                0x0080023f                PROVIDE (__bss_end, .)
                0x00002452                __data_load_start = LOADADDR (.data)
                0x00002498                __data_load_end = (__data_load_start + SIZEOF (.data))

.noinit         0x0080023f        0x0
                0x0080023f                PROVIDE (__noinit_start, .)
 *(.noinit*)
                0x0080023f                PROVIDE (__noinit_end, .)
                0x0080023f                _end = .
                0x0080023f                PROVIDE (__heap_start, .)

.eeprom         0x00810000        0x0
 *(.eeprom*)
                0x00810000                __eeprom_end = .

.fuse
 *(.fuse)
 *(.lfuse)
 *(.hfuse)
 *(.efuse)

.lock
 *(.lock*)

.signature
 *(.signature*)

.user_signatures
 *(.user_signatures*)

.stab
 *(.stab)

.stabstr
 *(.stabstr)

.stab.excl
 *(.stab.excl)

.stab.exclstr
 *(.stab.exclstr)

.stab.index
 *(.stab.index)

.stab.indexstr
 *(.stab.indexstr)

.comment        0x00000000       0x30
 *(.comment)
 .comment       0x00000000       0x30 Sketch.o
                                 0x31 (size before relaxing)
 .comment       0x00000030       0x31 src/libraries/Adafruit_GFX/Adafruit_GFX.o
 .comment       0x00000030       0x31 src/libraries/MsTimer2/MsTimer2.o
 .comment       0x00000030       0x31 src/libraries/RGBmatrixPanel/RGBmatrixPanel.o
 .comment       0x00000030       0x31 C:\Users\Mark\DOCUME~1\ATMELS~1\7.0\CUSTOM~1\REFERE~1\AVRARD~1\AVRARD~1\ARDUIN~1\Debug\libArduinoCore.a(abi.o)
 .comment       0x00000030       0x31 C:\Users\Mark\DOCUME~1\ATMELS~1\7.0\CUSTOM~1\REFERE~1\AVRARD~1\AVRARD~1\ARDUIN~1\Debug\libArduinoCore.a(HardwareSerial.o)
 .comment       0x00000030       0x31 C:\Users\Mark\DOCUME~1\ATMELS~1\7.0\CUSTOM~1\REFERE~1\AVRARD~1\AVRARD~1\ARDUIN~1\Debug\libArduinoCore.a(HardwareSerial0.o)
 .comment       0x00000030       0x31 C:\Users\Mark\DOCUME~1\ATMELS~1\7.0\CUSTOM~1\REFERE~1\AVRARD~1\AVRARD~1\ARDUIN~1\Debug\libArduinoCore.a(main.o)
 .comment       0x00000030       0x31 C:\Users\Mark\DOCUME~1\ATMELS~1\7.0\CUSTOM~1\REFERE~1\AVRARD~1\AVRARD~1\ARDUIN~1\Debug\libArduinoCore.a(Print.o)
 .comment       0x00000030       0x31 C:\Users\Mark\DOCUME~1\ATMELS~1\7.0\CUSTOM~1\REFERE~1\AVRARD~1\AVRARD~1\ARDUIN~1\Debug\libArduinoCore.a(wiring.o)
 .comment       0x00000030       0x31 C:\Users\Mark\DOCUME~1\ATMELS~1\7.0\CUSTOM~1\REFERE~1\AVRARD~1\AVRARD~1\ARDUIN~1\Debug\libArduinoCore.a(wiring_digital.o)
 .comment       0x00000030       0x31 C:\Users\Mark\DOCUME~1\ATMELS~1\7.0\CUSTOM~1\REFERE~1\AVRARD~1\AVRARD~1\ARDUIN~1\Debug\libArduinoCore.a(hooks.o)
 .comment       0x00000030       0x31 c:/program files (x86)/atmel/studio/7.0/toolchain/avr8/avr8-gnu-toolchain/bin/../lib/gcc/avr/4.9.2/../../../../avr/lib/avr5\libc.a(malloc.o)

.note.gnu.avr.deviceinfo
                0x00000000       0x40
 .note.gnu.avr.deviceinfo
                0x00000000       0x40 C:/Program Files (x86)/Atmel/Studio/7.0/Packs/atmel/ATmega_DFP/1.0.98/gcc/dev/atmega328p/avr5/crtatmega328p.o

.note.gnu.build-id
 *(.note.gnu.build-id)

.debug
 *(.debug)

.line
 *(.line)

.debug_srcinfo
 *(.debug_srcinfo)

.debug_sfnames
 *(.debug_sfnames)

.debug_aranges  0x00000000      0x578
 *(.debug_aranges)
 .debug_aranges
                0x00000000       0x38 Sketch.o
 .debug_aranges
                0x00000038      0x1d8 src/libraries/Adafruit_GFX/Adafruit_GFX.o
 .debug_aranges
                0x00000210       0x40 src/libraries/MsTimer2/MsTimer2.o
 .debug_aranges
                0x00000250       0x98 src/libraries/RGBmatrixPanel/RGBmatrixPanel.o
 .debug_aranges
                0x000002e8       0x28 C:\Users\Mark\DOCUME~1\ATMELS~1\7.0\CUSTOM~1\REFERE~1\AVRARD~1\AVRARD~1\ARDUIN~1\Debug\libArduinoCore.a(abi.o)
 .debug_aranges
                0x00000310       0x68 C:\Users\Mark\DOCUME~1\ATMELS~1\7.0\CUSTOM~1\REFERE~1\AVRARD~1\AVRARD~1\ARDUIN~1\Debug\libArduinoCore.a(HardwareSerial.o)
 .debug_aranges
                0x00000378       0x38 C:\Users\Mark\DOCUME~1\ATMELS~1\7.0\CUSTOM~1\REFERE~1\AVRARD~1\AVRARD~1\ARDUIN~1\Debug\libArduinoCore.a(HardwareSerial0.o)
 .debug_aranges
                0x000003b0       0x38 C:\Users\Mark\DOCUME~1\ATMELS~1\7.0\CUSTOM~1\REFERE~1\AVRARD~1\AVRARD~1\ARDUIN~1\Debug\libArduinoCore.a(main.o)
 .debug_aranges
                0x000003e8       0xf0 C:\Users\Mark\DOCUME~1\ATMELS~1\7.0\CUSTOM~1\REFERE~1\AVRARD~1\AVRARD~1\ARDUIN~1\Debug\libArduinoCore.a(Print.o)
 .debug_aranges
                0x000004d8       0x48 C:\Users\Mark\DOCUME~1\ATMELS~1\7.0\CUSTOM~1\REFERE~1\AVRARD~1\AVRARD~1\ARDUIN~1\Debug\libArduinoCore.a(wiring.o)
 .debug_aranges
                0x00000520       0x38 C:\Users\Mark\DOCUME~1\ATMELS~1\7.0\CUSTOM~1\REFERE~1\AVRARD~1\AVRARD~1\ARDUIN~1\Debug\libArduinoCore.a(wiring_digital.o)
 .debug_aranges
                0x00000558       0x20 C:\Users\Mark\DOCUME~1\ATMELS~1\7.0\CUSTOM~1\REFERE~1\AVRARD~1\AVRARD~1\ARDUIN~1\Debug\libArduinoCore.a(hooks.o)

.debug_pubnames
 *(.debug_pubnames)

.debug_info     0x00000000     0xcddc
 *(.debug_info .gnu.linkonce.wi.*)
 .debug_info    0x00000000      0x5a8 Sketch.o
 .debug_info    0x000005a8     0x47f5 src/libraries/Adafruit_GFX/Adafruit_GFX.o
 .debug_info    0x00004d9d      0x211 src/libraries/MsTimer2/MsTimer2.o
 .debug_info    0x00004fae     0x17f3 src/libraries/RGBmatrixPanel/RGBmatrixPanel.o
 .debug_info    0x000067a1       0x8e C:\Users\Mark\DOCUME~1\ATMELS~1\7.0\CUSTOM~1\REFERE~1\AVRARD~1\AVRARD~1\ARDUIN~1\Debug\libArduinoCore.a(abi.o)
 .debug_info    0x0000682f     0x1b95 C:\Users\Mark\DOCUME~1\ATMELS~1\7.0\CUSTOM~1\REFERE~1\AVRARD~1\AVRARD~1\ARDUIN~1\Debug\libArduinoCore.a(HardwareSerial.o)
 .debug_info    0x000083c4     0x17b0 C:\Users\Mark\DOCUME~1\ATMELS~1\7.0\CUSTOM~1\REFERE~1\AVRARD~1\AVRARD~1\ARDUIN~1\Debug\libArduinoCore.a(HardwareSerial0.o)
 .debug_info    0x00009b74      0x225 C:\Users\Mark\DOCUME~1\ATMELS~1\7.0\CUSTOM~1\REFERE~1\AVRARD~1\AVRARD~1\ARDUIN~1\Debug\libArduinoCore.a(main.o)
 .debug_info    0x00009d99     0x2744 C:\Users\Mark\DOCUME~1\ATMELS~1\7.0\CUSTOM~1\REFERE~1\AVRARD~1\AVRARD~1\ARDUIN~1\Debug\libArduinoCore.a(Print.o)
 .debug_info    0x0000c4dd      0x2c8 C:\Users\Mark\DOCUME~1\ATMELS~1\7.0\CUSTOM~1\REFERE~1\AVRARD~1\AVRARD~1\ARDUIN~1\Debug\libArduinoCore.a(wiring.o)
 .debug_info    0x0000c7a5      0x5f9 C:\Users\Mark\DOCUME~1\ATMELS~1\7.0\CUSTOM~1\REFERE~1\AVRARD~1\AVRARD~1\ARDUIN~1\Debug\libArduinoCore.a(wiring_digital.o)
 .debug_info    0x0000cd9e       0x3e C:\Users\Mark\DOCUME~1\ATMELS~1\7.0\CUSTOM~1\REFERE~1\AVRARD~1\AVRARD~1\ARDUIN~1\Debug\libArduinoCore.a(hooks.o)

.debug_abbrev   0x00000000     0x1dec
 *(.debug_abbrev)
 .debug_abbrev  0x00000000      0x244 Sketch.o
 .debug_abbrev  0x00000244      0x563 src/libraries/Adafruit_GFX/Adafruit_GFX.o
 .debug_abbrev  0x000007a7      0x114 src/libraries/MsTimer2/MsTimer2.o
 .debug_abbrev  0x000008bb      0x4c3 src/libraries/RGBmatrixPanel/RGBmatrixPanel.o
 .debug_abbrev  0x00000d7e       0x5e C:\Users\Mark\DOCUME~1\ATMELS~1\7.0\CUSTOM~1\REFERE~1\AVRARD~1\AVRARD~1\ARDUIN~1\Debug\libArduinoCore.a(abi.o)
 .debug_abbrev  0x00000ddc      0x44a C:\Users\Mark\DOCUME~1\ATMELS~1\7.0\CUSTOM~1\REFERE~1\AVRARD~1\AVRARD~1\ARDUIN~1\Debug\libArduinoCore.a(HardwareSerial.o)
 .debug_abbrev  0x00001226      0x394 C:\Users\Mark\DOCUME~1\ATMELS~1\7.0\CUSTOM~1\REFERE~1\AVRARD~1\AVRARD~1\ARDUIN~1\Debug\libArduinoCore.a(HardwareSerial0.o)
 .debug_abbrev  0x000015ba      0x102 C:\Users\Mark\DOCUME~1\ATMELS~1\7.0\CUSTOM~1\REFERE~1\AVRARD~1\AVRARD~1\ARDUIN~1\Debug\libArduinoCore.a(main.o)
 .debug_abbrev  0x000016bc      0x466 C:\Users\Mark\DOCUME~1\ATMELS~1\7.0\CUSTOM~1\REFERE~1\AVRARD~1\AVRARD~1\ARDUIN~1\Debug\libArduinoCore.a(Print.o)
 .debug_abbrev  0x00001b22      0x145 C:\Users\Mark\DOCUME~1\ATMELS~1\7.0\CUSTOM~1\REFERE~1\AVRARD~1\AVRARD~1\ARDUIN~1\Debug\libArduinoCore.a(wiring.o)
 .debug_abbrev  0x00001c67      0x15b C:\Users\Mark\DOCUME~1\ATMELS~1\7.0\CUSTOM~1\REFERE~1\AVRARD~1\AVRARD~1\ARDUIN~1\Debug\libArduinoCore.a(wiring_digital.o)
 .debug_abbrev  0x00001dc2       0x2a C:\Users\Mark\DOCUME~1\ATMELS~1\7.0\CUSTOM~1\REFERE~1\AVRARD~1\AVRARD~1\ARDUIN~1\Debug\libArduinoCore.a(hooks.o)

.debug_line     0x00000000     0x2051
 *(.debug_line .debug_line.* .debug_line_end)
 .debug_line    0x00000000      0x1cc Sketch.o
 .debug_line    0x000001cc      0xa47 src/libraries/Adafruit_GFX/Adafruit_GFX.o
 .debug_line    0x00000c13       0xe6 src/libraries/MsTimer2/MsTimer2.o
 .debug_line    0x00000cf9      0x54e src/libraries/RGBmatrixPanel/RGBmatrixPanel.o
 .debug_line    0x00001247       0xb3 C:\Users\Mark\DOCUME~1\ATMELS~1\7.0\CUSTOM~1\REFERE~1\AVRARD~1\AVRARD~1\ARDUIN~1\Debug\libArduinoCore.a(abi.o)
 .debug_line    0x000012fa      0x2c6 C:\Users\Mark\DOCUME~1\ATMELS~1\7.0\CUSTOM~1\REFERE~1\AVRARD~1\AVRARD~1\ARDUIN~1\Debug\libArduinoCore.a(HardwareSerial.o)
 .debug_line    0x000015c0      0x211 C:\Users\Mark\DOCUME~1\ATMELS~1\7.0\CUSTOM~1\REFERE~1\AVRARD~1\AVRARD~1\ARDUIN~1\Debug\libArduinoCore.a(HardwareSerial0.o)
 .debug_line    0x000017d1      0x149 C:\Users\Mark\DOCUME~1\ATMELS~1\7.0\CUSTOM~1\REFERE~1\AVRARD~1\AVRARD~1\ARDUIN~1\Debug\libArduinoCore.a(main.o)
 .debug_line    0x0000191a      0x414 C:\Users\Mark\DOCUME~1\ATMELS~1\7.0\CUSTOM~1\REFERE~1\AVRARD~1\AVRARD~1\ARDUIN~1\Debug\libArduinoCore.a(Print.o)
 .debug_line    0x00001d2e      0x195 C:\Users\Mark\DOCUME~1\ATMELS~1\7.0\CUSTOM~1\REFERE~1\AVRARD~1\AVRARD~1\ARDUIN~1\Debug\libArduinoCore.a(wiring.o)
 .debug_line    0x00001ec3      0x14e C:\Users\Mark\DOCUME~1\ATMELS~1\7.0\CUSTOM~1\REFERE~1\AVRARD~1\AVRARD~1\ARDUIN~1\Debug\libArduinoCore.a(wiring_digital.o)
 .debug_line    0x00002011       0x40 C:\Users\Mark\DOCUME~1\ATMELS~1\7.0\CUSTOM~1\REFERE~1\AVRARD~1\AVRARD~1\ARDUIN~1\Debug\libArduinoCore.a(hooks.o)

.debug_frame    0x00000000     0x1750
 *(.debug_frame)
 .debug_frame   0x00000000       0x74 Sketch.o
 .debug_frame   0x00000074      0xbd4 src/libraries/Adafruit_GFX/Adafruit_GFX.o
 .debug_frame   0x00000c48       0xac src/libraries/MsTimer2/MsTimer2.o
 .debug_frame   0x00000cf4      0x304 src/libraries/RGBmatrixPanel/RGBmatrixPanel.o
 .debug_frame   0x00000ff8       0x34 C:\Users\Mark\DOCUME~1\ATMELS~1\7.0\CUSTOM~1\REFERE~1\AVRARD~1\AVRARD~1\ARDUIN~1\Debug\libArduinoCore.a(abi.o)
 .debug_frame   0x0000102c      0x110 C:\Users\Mark\DOCUME~1\ATMELS~1\7.0\CUSTOM~1\REFERE~1\AVRARD~1\AVRARD~1\ARDUIN~1\Debug\libArduinoCore.a(HardwareSerial.o)
 .debug_frame   0x0000113c       0xc0 C:\Users\Mark\DOCUME~1\ATMELS~1\7.0\CUSTOM~1\REFERE~1\AVRARD~1\AVRARD~1\ARDUIN~1\Debug\libArduinoCore.a(HardwareSerial0.o)
 .debug_frame   0x000011fc       0x54 C:\Users\Mark\DOCUME~1\ATMELS~1\7.0\CUSTOM~1\REFERE~1\AVRARD~1\AVRARD~1\ARDUIN~1\Debug\libArduinoCore.a(main.o)
 .debug_frame   0x00001250      0x39c C:\Users\Mark\DOCUME~1\ATMELS~1\7.0\CUSTOM~1\REFERE~1\AVRARD~1\AVRARD~1\ARDUIN~1\Debug\libArduinoCore.a(Print.o)
 .debug_frame   0x000015ec       0xc4 C:\Users\Mark\DOCUME~1\ATMELS~1\7.0\CUSTOM~1\REFERE~1\AVRARD~1\AVRARD~1\ARDUIN~1\Debug\libArduinoCore.a(wiring.o)
 .debug_frame   0x000016b0       0x7c C:\Users\Mark\DOCUME~1\ATMELS~1\7.0\CUSTOM~1\REFERE~1\AVRARD~1\AVRARD~1\ARDUIN~1\Debug\libArduinoCore.a(wiring_digital.o)
 .debug_frame   0x0000172c       0x24 C:\Users\Mark\DOCUME~1\ATMELS~1\7.0\CUSTOM~1\REFERE~1\AVRARD~1\AVRARD~1\ARDUIN~1\Debug\libArduinoCore.a(hooks.o)

.debug_str      0x00000000     0x2a2a
 *(.debug_str)
 .debug_str     0x00000000      0x3c2 Sketch.o
                                0x40f (size before relaxing)
 .debug_str     0x000003c2      0xbe7 src/libraries/Adafruit_GFX/Adafruit_GFX.o
                                0xf15 (size before relaxing)
 .debug_str     0x00000fa9       0xff src/libraries/MsTimer2/MsTimer2.o
                                0x316 (size before relaxing)
 .debug_str     0x000010a8      0x3df src/libraries/RGBmatrixPanel/RGBmatrixPanel.o
                                0x7cd (size before relaxing)
 .debug_str     0x00001487       0xb9 C:\Users\Mark\DOCUME~1\ATMELS~1\7.0\CUSTOM~1\REFERE~1\AVRARD~1\AVRARD~1\ARDUIN~1\Debug\libArduinoCore.a(abi.o)
                                0x1c3 (size before relaxing)
 .debug_str     0x00001540      0xf56 C:\Users\Mark\DOCUME~1\ATMELS~1\7.0\CUSTOM~1\REFERE~1\AVRARD~1\AVRARD~1\ARDUIN~1\Debug\libArduinoCore.a(HardwareSerial.o)
                               0x1285 (size before relaxing)
 .debug_str     0x00002496       0x47 C:\Users\Mark\DOCUME~1\ATMELS~1\7.0\CUSTOM~1\REFERE~1\AVRARD~1\AVRARD~1\ARDUIN~1\Debug\libArduinoCore.a(HardwareSerial0.o)
                               0x1085 (size before relaxing)
 .debug_str     0x000024dd       0x43 C:\Users\Mark\DOCUME~1\ATMELS~1\7.0\CUSTOM~1\REFERE~1\AVRARD~1\AVRARD~1\ARDUIN~1\Debug\libArduinoCore.a(main.o)
                                0x2b4 (size before relaxing)
 .debug_str     0x00002520      0x31d C:\Users\Mark\DOCUME~1\ATMELS~1\7.0\CUSTOM~1\REFERE~1\AVRARD~1\AVRARD~1\ARDUIN~1\Debug\libArduinoCore.a(Print.o)
                                0xefe (size before relaxing)
 .debug_str     0x0000283d      0x149 C:\Users\Mark\DOCUME~1\ATMELS~1\7.0\CUSTOM~1\REFERE~1\AVRARD~1\AVRARD~1\ARDUIN~1\Debug\libArduinoCore.a(wiring.o)
                                0x25e (size before relaxing)
 .debug_str     0x00002986       0x88 C:\Users\Mark\DOCUME~1\ATMELS~1\7.0\CUSTOM~1\REFERE~1\AVRARD~1\AVRARD~1\ARDUIN~1\Debug\libArduinoCore.a(wiring_digital.o)
                                0x2c3 (size before relaxing)
 .debug_str     0x00002a0e       0x1c C:\Users\Mark\DOCUME~1\ATMELS~1\7.0\CUSTOM~1\REFERE~1\AVRARD~1\AVRARD~1\ARDUIN~1\Debug\libArduinoCore.a(hooks.o)
                                0x153 (size before relaxing)

.debug_loc      0x00000000     0xaf69
 *(.debug_loc)
 .debug_loc     0x00000000       0x70 Sketch.o
 .debug_loc     0x00000070     0x6521 src/libraries/Adafruit_GFX/Adafruit_GFX.o
 .debug_loc     0x00006591       0xf3 src/libraries/MsTimer2/MsTimer2.o
 .debug_loc     0x00006684     0x1bac src/libraries/RGBmatrixPanel/RGBmatrixPanel.o
 .debug_loc     0x00008230      0x497 C:\Users\Mark\DOCUME~1\ATMELS~1\7.0\CUSTOM~1\REFERE~1\AVRARD~1\AVRARD~1\ARDUIN~1\Debug\libArduinoCore.a(HardwareSerial.o)
 .debug_loc     0x000086c7      0x161 C:\Users\Mark\DOCUME~1\ATMELS~1\7.0\CUSTOM~1\REFERE~1\AVRARD~1\AVRARD~1\ARDUIN~1\Debug\libArduinoCore.a(HardwareSerial0.o)
 .debug_loc     0x00008828     0x1ef5 C:\Users\Mark\DOCUME~1\ATMELS~1\7.0\CUSTOM~1\REFERE~1\AVRARD~1\AVRARD~1\ARDUIN~1\Debug\libArduinoCore.a(Print.o)
 .debug_loc     0x0000a71d      0x269 C:\Users\Mark\DOCUME~1\ATMELS~1\7.0\CUSTOM~1\REFERE~1\AVRARD~1\AVRARD~1\ARDUIN~1\Debug\libArduinoCore.a(wiring.o)
 .debug_loc     0x0000a986      0x5e3 C:\Users\Mark\DOCUME~1\ATMELS~1\7.0\CUSTOM~1\REFERE~1\AVRARD~1\AVRARD~1\ARDUIN~1\Debug\libArduinoCore.a(wiring_digital.o)

.debug_macinfo
 *(.debug_macinfo)

.debug_weaknames
 *(.debug_weaknames)

.debug_funcnames
 *(.debug_funcnames)

.debug_typenames
 *(.debug_typenames)

.debug_varnames
 *(.debug_varnames)

.debug_pubtypes
 *(.debug_pubtypes)

.debug_ranges   0x00000000      0x650
 *(.debug_ranges)
 .debug_ranges  0x00000000       0x28 Sketch.o
 .debug_ranges  0x00000028      0x2d0 src/libraries/Adafruit_GFX/Adafruit_GFX.o
 .debug_ranges  0x000002f8       0x30 src/libraries/MsTimer2/MsTimer2.o
 .debug_ranges  0x00000328       0xb8 src/libraries/RGBmatrixPanel/RGBmatrixPanel.o
 .debug_ranges  0x000003e0       0x18 C:\Users\Mark\DOCUME~1\ATMELS~1\7.0\CUSTOM~1\REFERE~1\AVRARD~1\AVRARD~1\ARDUIN~1\Debug\libArduinoCore.a(abi.o)
 .debug_ranges  0x000003f8       0x70 C:\Users\Mark\DOCUME~1\ATMELS~1\7.0\CUSTOM~1\REFERE~1\AVRARD~1\AVRARD~1\ARDUIN~1\Debug\libArduinoCore.a(HardwareSerial.o)
 .debug_ranges  0x00000468       0x28 C:\Users\Mark\DOCUME~1\ATMELS~1\7.0\CUSTOM~1\REFERE~1\AVRARD~1\AVRARD~1\ARDUIN~1\Debug\libArduinoCore.a(HardwareSerial0.o)
 .debug_ranges  0x00000490       0x28 C:\Users\Mark\DOCUME~1\ATMELS~1\7.0\CUSTOM~1\REFERE~1\AVRARD~1\AVRARD~1\ARDUIN~1\Debug\libArduinoCore.a(main.o)
 .debug_ranges  0x000004b8      0x128 C:\Users\Mark\DOCUME~1\ATMELS~1\7.0\CUSTOM~1\REFERE~1\AVRARD~1\AVRARD~1\ARDUIN~1\Debug\libArduinoCore.a(Print.o)
 .debug_ranges  0x000005e0       0x38 C:\Users\Mark\DOCUME~1\ATMELS~1\7.0\CUSTOM~1\REFERE~1\AVRARD~1\AVRARD~1\ARDUIN~1\Debug\libArduinoCore.a(wiring.o)
 .debug_ranges  0x00000618       0x28 C:\Users\Mark\DOCUME~1\ATMELS~1\7.0\CUSTOM~1\REFERE~1\AVRARD~1\AVRARD~1\ARDUIN~1\Debug\libArduinoCore.a(wiring_digital.o)
 .debug_ranges  0x00000640       0x10 C:\Users\Mark\DOCUME~1\ATMELS~1\7.0\CUSTOM~1\REFERE~1\AVRARD~1\AVRARD~1\ARDUIN~1\Debug\libArduinoCore.a(hooks.o)

.debug_macro
 *(.debug_macro)
OUTPUT(test.elf elf32-avr)
LOAD linker stubs
