Archive member included to satisfy reference by file (symbol)

C:\Users\Mark\DOCUME~1\ATMELS~1\7.0\CUSTOM~1\MATRIX~2\MATRIX~1\ARDUIN~1\Debug\libArduinoCore.a(abi.o)
                              src/libraries/Adafruit_GFX/Adafruit_GFX.o (__cxa_pure_virtual)
C:\Users\Mark\DOCUME~1\ATMELS~1\7.0\CUSTOM~1\MATRIX~2\MATRIX~1\ARDUIN~1\Debug\libArduinoCore.a(HardwareSerial.o)
                              src/libraries/RGBmatrixPanel/RGBmatrixPanel.o (_ZN14HardwareSerial5writeEh)
C:\Users\Mark\DOCUME~1\ATMELS~1\7.0\CUSTOM~1\MATRIX~2\MATRIX~1\ARDUIN~1\Debug\libArduinoCore.a(HardwareSerial0.o)
                              Sketch.o (Serial)
C:\Users\Mark\DOCUME~1\ATMELS~1\7.0\CUSTOM~1\MATRIX~2\MATRIX~1\ARDUIN~1\Debug\libArduinoCore.a(main.o)
                              C:/Program Files (x86)/Atmel/Studio/7.0/Packs/atmel/ATmega_DFP/1.0.98/gcc/dev/atmega328p/avr5/crtatmega328p.o (main)
C:\Users\Mark\DOCUME~1\ATMELS~1\7.0\CUSTOM~1\MATRIX~2\MATRIX~1\ARDUIN~1\Debug\libArduinoCore.a(Print.o)
                              src/libraries/Adafruit_GFX/Adafruit_GFX.o (_ZN5Print5writeEPKhj)
C:\Users\Mark\DOCUME~1\ATMELS~1\7.0\CUSTOM~1\MATRIX~2\MATRIX~1\ARDUIN~1\Debug\libArduinoCore.a(wiring.o)
                              src/libraries/RGBmatrixPanel/RGBmatrixPanel.o (delay)
C:\Users\Mark\DOCUME~1\ATMELS~1\7.0\CUSTOM~1\MATRIX~2\MATRIX~1\ARDUIN~1\Debug\libArduinoCore.a(wiring_digital.o)
                              Sketch.o (pinMode)
C:\Users\Mark\DOCUME~1\ATMELS~1\7.0\CUSTOM~1\MATRIX~2\MATRIX~1\ARDUIN~1\Debug\libArduinoCore.a(hooks.o)
                              C:\Users\Mark\DOCUME~1\ATMELS~1\7.0\CUSTOM~1\MATRIX~2\MATRIX~1\ARDUIN~1\Debug\libArduinoCore.a(wiring.o) (yield)
c:/program files (x86)/atmel/studio/7.0/toolchain/avr8/avr8-gnu-toolchain/bin/../lib/gcc/avr/4.9.2/../../../../avr/lib/avr5\libm.a(addsf3.o)
                              C:\Users\Mark\DOCUME~1\ATMELS~1\7.0\CUSTOM~1\MATRIX~2\MATRIX~1\ARDUIN~1\Debug\libArduinoCore.a(Print.o) (__subsf3)
c:/program files (x86)/atmel/studio/7.0/toolchain/avr8/avr8-gnu-toolchain/bin/../lib/gcc/avr/4.9.2/../../../../avr/lib/avr5\libm.a(addsf3x.o)
                              c:/program files (x86)/atmel/studio/7.0/toolchain/avr8/avr8-gnu-toolchain/bin/../lib/gcc/avr/4.9.2/../../../../avr/lib/avr5\libm.a(addsf3.o) (__addsf3x)
c:/program files (x86)/atmel/studio/7.0/toolchain/avr8/avr8-gnu-toolchain/bin/../lib/gcc/avr/4.9.2/../../../../avr/lib/avr5\libm.a(cmpsf2.o)
                              C:\Users\Mark\DOCUME~1\ATMELS~1\7.0\CUSTOM~1\MATRIX~2\MATRIX~1\ARDUIN~1\Debug\libArduinoCore.a(Print.o) (__ltsf2)
c:/program files (x86)/atmel/studio/7.0/toolchain/avr8/avr8-gnu-toolchain/bin/../lib/gcc/avr/4.9.2/../../../../avr/lib/avr5\libm.a(divsf3.o)
                              C:\Users\Mark\DOCUME~1\ATMELS~1\7.0\CUSTOM~1\MATRIX~2\MATRIX~1\ARDUIN~1\Debug\libArduinoCore.a(Print.o) (__divsf3)
c:/program files (x86)/atmel/studio/7.0/toolchain/avr8/avr8-gnu-toolchain/bin/../lib/gcc/avr/4.9.2/../../../../avr/lib/avr5\libm.a(divsf3x.o)
                              c:/program files (x86)/atmel/studio/7.0/toolchain/avr8/avr8-gnu-toolchain/bin/../lib/gcc/avr/4.9.2/../../../../avr/lib/avr5\libm.a(divsf3.o) (__divsf3x)
c:/program files (x86)/atmel/studio/7.0/toolchain/avr8/avr8-gnu-toolchain/bin/../lib/gcc/avr/4.9.2/../../../../avr/lib/avr5\libm.a(fixsfsi.o)
                              C:\Users\Mark\DOCUME~1\ATMELS~1\7.0\CUSTOM~1\MATRIX~2\MATRIX~1\ARDUIN~1\Debug\libArduinoCore.a(Print.o) (__fixsfsi)
c:/program files (x86)/atmel/studio/7.0/toolchain/avr8/avr8-gnu-toolchain/bin/../lib/gcc/avr/4.9.2/../../../../avr/lib/avr5\libm.a(fixunssfsi.o)
                              C:\Users\Mark\DOCUME~1\ATMELS~1\7.0\CUSTOM~1\MATRIX~2\MATRIX~1\ARDUIN~1\Debug\libArduinoCore.a(Print.o) (__fixunssfsi)
c:/program files (x86)/atmel/studio/7.0/toolchain/avr8/avr8-gnu-toolchain/bin/../lib/gcc/avr/4.9.2/../../../../avr/lib/avr5\libm.a(floatsisf.o)
                              C:\Users\Mark\DOCUME~1\ATMELS~1\7.0\CUSTOM~1\MATRIX~2\MATRIX~1\ARDUIN~1\Debug\libArduinoCore.a(Print.o) (__floatunsisf)
c:/program files (x86)/atmel/studio/7.0/toolchain/avr8/avr8-gnu-toolchain/bin/../lib/gcc/avr/4.9.2/../../../../avr/lib/avr5\libm.a(fp_cmp.o)
                              c:/program files (x86)/atmel/studio/7.0/toolchain/avr8/avr8-gnu-toolchain/bin/../lib/gcc/avr/4.9.2/../../../../avr/lib/avr5\libm.a(cmpsf2.o) (__fp_cmp)
c:/program files (x86)/atmel/studio/7.0/toolchain/avr8/avr8-gnu-toolchain/bin/../lib/gcc/avr/4.9.2/../../../../avr/lib/avr5\libm.a(fp_inf.o)
                              c:/program files (x86)/atmel/studio/7.0/toolchain/avr8/avr8-gnu-toolchain/bin/../lib/gcc/avr/4.9.2/../../../../avr/lib/avr5\libm.a(addsf3x.o) (__fp_inf)
c:/program files (x86)/atmel/studio/7.0/toolchain/avr8/avr8-gnu-toolchain/bin/../lib/gcc/avr/4.9.2/../../../../avr/lib/avr5\libm.a(fp_nan.o)
[...]
Memory Configuration

Name             Origin             Length             Attributes
text             0x00000000         0x00020000         xr
data             0x00800060         0x0000ffa0         rw !x
eeprom           0x00810000         0x00010000         rw !x
fuse             0x00820000         0x00000400         rw !x
lock             0x00830000         0x00000400         rw !x
signature        0x00840000         0x00000400         rw !x
user_signatures  0x00850000         0x00000400         rw !x
*default*        0x00000000         0xffffffff

Linker script and memory map

Address of section .data set to 0x800100
LOAD C:/Program Files (x86)/Atmel/Studio/7.0/Packs/atmel/ATmega_DFP/1.0.98/gcc/dev/atmega328p/avr5/crtatmega328p.o
LOAD Sketch.o
LOAD src/libraries/Adafruit_GFX/Adafruit_GFX.o
LOAD src/libraries/Adafruit_GFX/glcdfont.o
LOAD src/libraries/MsTimer2/MsTimer2.o
LOAD src/libraries/RGBmatrixPanel/RGBmatrixPanel.o
LOAD src/libraries/Wire/src/utility/twi.o
LOAD src/libraries/Wire/src/Wire.o
START GROUP
LOAD c:/program files (x86)/atmel/studio/7.0/toolchain/avr8/avr8-gnu-toolchain/bin/../lib/gcc/avr/4.9.2/../../../../avr/lib/avr5\libm.a
LOAD C:\Users\Mark\DOCUME~1\ATMELS~1\7.0\CUSTOM~1\MATRIX~2\MATRIX~1\ARDUIN~1\Debug\libArduinoCore.a
END GROUP
LOAD c:/program files (x86)/atmel/studio/7.0/toolchain/avr8/avr8-gnu-toolchain/bin/../lib/gcc/avr/4.9.2/avr5\libgcc.a
LOAD c:/program files (x86)/atmel/studio/7.0/toolchain/avr8/avr8-gnu-toolchain/bin/../lib/gcc/avr/4.9.2/../../../../avr/lib/avr5\libm.a
START GROUP
LOAD c:/program files (x86)/atmel/studio/7.0/toolchain/avr8/avr8-gnu-toolchain/bin/../lib/gcc/avr/4.9.2/avr5\libgcc.a
LOAD c:/program files (x86)/atmel/studio/7.0/toolchain/avr8/avr8-gnu-toolchain/bin/../lib/gcc/avr/4.9.2/../../../../avr/lib/avr5\libm.a
LOAD c:/program files (x86)/atmel/studio/7.0/toolchain/avr8/avr8-gnu-toolchain/bin/../lib/gcc/avr/4.9.2/../../../../avr/lib/avr5\libc.a
LOAD C:/Program Files (x86)/Atmel/Studio/7.0/Packs/atmel/ATmega_DFP/1.0.98/gcc/dev/atmega328p/avr5\libatmega328p.a
END GROUP

.hash
 *(.hash)

.dynsym
 *(.dynsym)

.dynstr
 *(.dynstr)

.gnu.version
 *(.gnu.version)

.gnu.version_d
 *(.gnu.version_d)

.gnu.version_r
 *(.gnu.version_r)

.rel.init
 *(.rel.init)

.rela.init
 *(.rela.init)

.rel.text
 *(.rel.text)
 *(.rel.text.*)
 *(.rel.gnu.linkonce.t*)

.rela.text
 *(.rela.text)
 *(.rela.text.*)
 *(.rela.gnu.linkonce.t*)

.rel.fini
 *(.rel.fini)

.rela.fini
 *(.rela.fini)

.rel.rodata
 *(.rel.rodata)
 *(.rel.rodata.*)
 *(.rel.gnu.linkonce.r*)

.rela.rodata
 *(.rela.rodata)
 *(.rela.rodata.*)
 *(.rela.gnu.linkonce.r*)

.rel.data
 *(.rel.data)
 *(.rel.data.*)
 *(.rel.gnu.linkonce.d*)

.rela.data
 *(.rela.data)
 *(.rela.data.*)
 *(.rela.gnu.linkonce.d*)

.rel.ctors
 *(.rel.ctors)

.rela.ctors
 *(.rela.ctors)

.rel.dtors
 *(.rel.dtors)

.rela.dtors
 *(.rela.dtors)

.rel.got
 *(.rel.got)

.rela.got
 *(.rela.got)

.rel.bss
 *(.rel.bss)

.rela.bss
 *(.rela.bss)

.rel.plt
 *(.rel.plt)

.rela.plt
 *(.rela.plt)

.text           0x00000000     0x2a1c
 *(.vectors)
 .vectors       0x00000000       0x68 C:/Program Files (x86)/Atmel/Studio/7.0/Packs/atmel/ATmega_DFP/1.0.98/gcc/dev/atmega328p/avr5/crtatmega328p.o
                0x00000000                __vector_default
                0x00000000                __vectors
 *(.vectors)
 *(.progmem.gcc*)
                0x00000068                . = ALIGN (0x2)
                0x00000068                __trampolines_start = .
 *(.trampolines)
 .trampolines   0x00000068        0x0 linker stubs
 *(.trampolines*)
                0x00000068                __trampolines_end = .
 *(.progmem*)
 .progmem.data._ZL4ship
                0x00000068        0xc Sketch.o
 .progmem.data._ZL4font
                0x00000074      0x500 src/libraries/Adafruit_GFX/Adafruit_GFX.o
 .progmem.data.digital_pin_to_timer_PGM
                0x00000574       0x14 C:\Users\Mark\DOCUME~1\ATMELS~1\7.0\CUSTOM~1\MATRIX~2\MATRIX~1\ARDUIN~1\Debug\libArduinoCore.a(wiring_digital.o)
                0x00000574                digital_pin_to_timer_PGM
 .progmem.data.digital_pin_to_bit_mask_PGM
                0x00000588       0x14 C:\Users\Mark\DOCUME~1\ATMELS~1\7.0\CUSTOM~1\MATRIX~2\MATRIX~1\ARDUIN~1\Debug\libArduinoCore.a(wiring_digital.o)
                0x00000588                digital_pin_to_bit_mask_PGM
 .progmem.data.digital_pin_to_port_PGM
                0x0000059c       0x14 C:\Users\Mark\DOCUME~1\ATMELS~1\7.0\CUSTOM~1\MATRIX~2\MATRIX~1\ARDUIN~1\Debug\libArduinoCore.a(wiring_digital.o)
                0x0000059c                digital_pin_to_port_PGM
 .progmem.data.port_to_output_PGM
                0x000005b0        0xa C:\Users\Mark\DOCUME~1\ATMELS~1\7.0\CUSTOM~1\MATRIX~2\MATRIX~1\ARDUIN~1\Debug\libArduinoCore.a(wiring_digital.o)
                0x000005b0                port_to_output_PGM
 .progmem.data.port_to_mode_PGM
                0x000005ba        0xa C:\Users\Mark\DOCUME~1\ATMELS~1\7.0\CUSTOM~1\MATRIX~2\MATRIX~1\ARDUIN~1\Debug\libArduinoCore.a(wiring_digital.o)
                0x000005ba                port_to_mode_PGM
                0x000005c4                . = ALIGN (0x2)
 *(.jumptables)
 *(.jumptables*)
 *(.lowtext)
 *(.lowtext*)
                0x000005c4                __ctors_start = .
 *(.ctors)
 .ctors         0x000005c4        0x2 Sketch.o
 .ctors         0x000005c6        0x2 src/libraries/Wire/src/Wire.o
 .ctors         0x000005c8        0x2 C:\Users\Mark\DOCUME~1\ATMELS~1\7.0\CUSTOM~1\MATRIX~2\MATRIX~1\ARDUIN~1\Debug\libArduinoCore.a(HardwareSerial0.o)
                0x000005ca                __ctors_end = .
                0x000005ca                __dtors_start = .
 *(.dtors)
                0x000005ca                __dtors_end = .
 SORT(*)(.ctors)
 SORT(*)(.dtors)
 *(.init0)
 .init0         0x000005ca        0x0 C:/Program Files (x86)/Atmel/Studio/7.0/Packs/atmel/ATmega_DFP/1.0.98/gcc/dev/atmega328p/avr5/crtatmega328p.o
                0x000005ca                __init
 *(.init0)
 *(.init1)
 *(.init1)
 *(.init2)
 .init2         0x000005ca        0xc C:/Program Files (x86)/Atmel/Studio/7.0/Packs/atmel/ATmega_DFP/1.0.98/gcc/dev/atmega328p/avr5/crtatmega328p.o
 *(.init2)
 *(.init3)
 *(.init3)
 *(.init4)
 .init4         0x000005d6       0x16 c:/program files (x86)/atmel/studio/7.0/toolchain/avr8/avr8-gnu-toolchain/bin/../lib/gcc/avr/4.9.2/avr5\libgcc.a(_copy_data.o)
                0x000005d6                __do_copy_data
 .init4         0x000005ec       0x10 c:/program files (x86)/atmel/studio/7.0/toolchain/avr8/avr8-gnu-toolchain/bin/../lib/gcc/avr/4.9.2/avr5\libgcc.a(_clear_bss.o)
                0x000005ec                __do_clear_bss
 *(.init4)
 *(.init5)
 *(.init5)
 *(.init6)
 .init6         0x000005fc       0x16 c:/program files (x86)/atmel/studio/7.0/toolchain/avr8/avr8-gnu-toolchain/bin/../lib/gcc/avr/4.9.2/avr5\libgcc.a(_ctors.o)
                0x000005fc                __do_global_ctors
 *(.init6)
 *(.init7)
 *(.init7)
 *(.init8)
 *(.init8)
 *(.init9)
 .init9         0x00000612        0x8 C:/Program Files (x86)/Atmel/Studio/7.0/Packs/atmel/ATmega_DFP/1.0.98/gcc/dev/atmega328p/avr5/crtatmega328p.o
 *(.init9)
 *(.text)
 .text          0x0000061a        0x4 C:/Program Files (x86)/Atmel/Studio/7.0/Packs/atmel/ATmega_DFP/1.0.98/gcc/dev/atmega328p/avr5/crtatmega328p.o
                0x0000061a                __vector_22
                0x0000061a                __vector_1
                0x0000061a                __vector_12
                0x0000061a                __bad_interrupt
                0x0000061a                __vector_6
                0x0000061a                __vector_3
                0x0000061a                __vector_23
                0x0000061a                __vector_25
                0x0000061a                __vector_11
                0x0000061a                __vector_17
                0x0000061a                __vector_7
                0x0000061a                __vector_5
                0x0000061a                __vector_4
                0x0000061a                __vector_2
                0x0000061a                __vector_21
                0x0000061a                __vector_15
                0x0000061a                __vector_8
                0x0000061a                __vector_14
                0x0000061a                __vector_10
                0x0000061a                __vector_20
                0x0000061e                . = ALIGN (0x2)
 *(.text.*)
 .text._Z4Tickv
                0x0000061e       0x12 Sketch.o
                0x0000061e                _Z4Tickv
 .text.loop     0x00000630       0x3a Sketch.o
                0x00000630                loop
 .text.startup._GLOBAL__sub_I_matrix
                0x0000066a       0x3a Sketch.o
 .text.setup    0x000006a4      0x178 Sketch.o
                0x000006a4                setup
 .text._ZN12Adafruit_GFX8drawLineEiiiij
                0x0000081c      0x154 src/libraries/Adafruit_GFX/Adafruit_GFX.o
                0x0000081c                _ZN12Adafruit_GFX8drawLineEiiiij
 .text._ZN12Adafruit_GFX8drawRectEiiiij
                0x00000970       0x9e src/libraries/Adafruit_GFX/Adafruit_GFX.o
                0x00000970                _ZN12Adafruit_GFX8drawRectEiiiij
 .text._ZN12Adafruit_GFX13drawFastVLineEiiij
                0x00000a0e       0x2e src/libraries/Adafruit_GFX/Adafruit_GFX.o
                0x00000a0e                _ZN12Adafruit_GFX13drawFastVLineEiiij
 .text._ZN12Adafruit_GFX13drawFastHLineEiiij
                0x00000a3c       0x2c src/libraries/Adafruit_GFX/Adafruit_GFX.o
                0x00000a3c                _ZN12Adafruit_GFX13drawFastHLineEiiij
 .text._ZN12Adafruit_GFX8fillRectEiiiij
                0x00000a68       0x6a src/libraries/Adafruit_GFX/Adafruit_GFX.o
                0x00000a68                _ZN12Adafruit_GFX8fillRectEiiiij
 .text._ZN12Adafruit_GFX10fillScreenEj
                0x00000ad2       0x3c src/libraries/Adafruit_GFX/Adafruit_GFX.o
                0x00000ad2                _ZN12Adafruit_GFX10fillScreenEj
 .text._ZN12Adafruit_GFX13invertDisplayEb
                0x00000b0e        0x2 src/libraries/Adafruit_GFX/Adafruit_GFX.o
                0x00000b0e                _ZN12Adafruit_GFX13invertDisplayEb
 .text._ZN12Adafruit_GFXC2Eii
                0x00000b10       0x42 src/libraries/Adafruit_GFX/Adafruit_GFX.o
                0x00000b10                _ZN12Adafruit_GFXC2Eii
                0x00000b10                _ZN12Adafruit_GFXC1Eii
 .text._ZN12Adafruit_GFX8drawCharEiihjjh
                0x00000b52      0x356 src/libraries/Adafruit_GFX/Adafruit_GFX.o
                0x00000b52                _ZN12Adafruit_GFX8drawCharEiihjjh
 .text._ZN12Adafruit_GFX5writeEh
                0x00000ea8      0x1ae src/libraries/Adafruit_GFX/Adafruit_GFX.o
                0x00000ea8                _ZN12Adafruit_GFX5writeEh
 .text._ZN8MsTimer23setEmPFvvE
                0x00001056       0x90 src/libraries/MsTimer2/MsTimer2.o
                0x00001056                _ZN8MsTimer23setEmPFvvE
 .text._ZN8MsTimer25startEv
                0x000010e6       0x2c src/libraries/MsTimer2/MsTimer2.o
                0x000010e6                _ZN8MsTimer25startEv
 .text._ZN8MsTimer29_overflowEv
                0x00001112       0x96 src/libraries/MsTimer2/MsTimer2.o
                0x00001112                _ZN8MsTimer29_overflowEv
 .text.__vector_9
                0x000011a8       0x54 src/libraries/MsTimer2/MsTimer2.o
                0x000011a8                __vector_9
 .text._ZN14RGBmatrixPanel9drawPixelEiij
                0x000011fc      0x26c src/libraries/RGBmatrixPanel/RGBmatrixPanel.o
                0x000011fc                _ZN14RGBmatrixPanel9drawPixelEiij
 .text._ZN14RGBmatrixPanel4initEhhhhhhhbh
                0x00001468      0x1e4 src/libraries/RGBmatrixPanel/RGBmatrixPanel.o
                0x00001468                _ZN14RGBmatrixPanel4initEhhhhhhhbh
 .text._ZN14RGBmatrixPanelC2Ehhhhhhhbh
                0x0000164c       0xa8 src/libraries/RGBmatrixPanel/RGBmatrixPanel.o
                0x0000164c                _ZN14RGBmatrixPanelC1Ehhhhhhhbh
                0x0000164c                _ZN14RGBmatrixPanelC2Ehhhhhhhbh
 .text._ZN14RGBmatrixPanel5beginEv
                0x000016f4       0xf6 src/libraries/RGBmatrixPanel/RGBmatrixPanel.o
                0x000016f4                _ZN14RGBmatrixPanel5beginEv
 .text._ZN14RGBmatrixPanel8Color333Ehhh
                0x000017ea       0x50 src/libraries/RGBmatrixPanel/RGBmatrixPanel.o
                0x000017ea                _ZN14RGBmatrixPanel8Color333Ehhh
 .text._ZN14RGBmatrixPanel13updateDisplayEv
                0x0000183a      0x470 src/libraries/RGBmatrixPanel/RGBmatrixPanel.o
                0x0000183a                _ZN14RGBmatrixPanel13updateDisplayEv
 .text.__vector_13
                0x00001caa       0x54 src/libraries/RGBmatrixPanel/RGBmatrixPanel.o
                0x00001caa                __vector_13
 .text._ZN14RGBmatrixPanel10fillScreenEj
                0x00001cfe       0x4c src/libraries/RGBmatrixPanel/RGBmatrixPanel.o
                0x00001cfe                _ZN14RGBmatrixPanel10fillScreenEj
 .text.twi_transmit
                0x00001d4a       0x32 src/libraries/Wire/src/utility/twi.o
                0x00001d4a                twi_transmit
 .text.twi_stop
                0x00001d7c       0x14 src/libraries/Wire/src/utility/twi.o
                0x00001d7c                twi_stop
 .text.twi_releaseBus
                0x00001d90        0xc src/libraries/Wire/src/utility/twi.o
                0x00001d90                twi_releaseBus
 .text.__vector_24
                0x00001d9c      0x25a src/libraries/Wire/src/utility/twi.o
                0x00001d9c                __vector_24
 .text._ZN7TwoWire9availableEv
                0x00001ff6       0x10 src/libraries/Wire/src/Wire.o
                0x00001ff6                _ZN7TwoWire9availableEv
 .text._ZN7TwoWire4readEv
                0x00002006       0x28 src/libraries/Wire/src/Wire.o
                0x00002006                _ZN7TwoWire4readEv
 .text._ZN7TwoWire4peekEv
                0x0000202e       0x1e src/libraries/Wire/src/Wire.o
                0x0000202e                _ZN7TwoWire4peekEv
 .text._ZN7TwoWire5flushEv
                0x0000204c        0x2 src/libraries/Wire/src/Wire.o
                0x0000204c                _ZN7TwoWire5flushEv
 .text._ZN7TwoWire5writeEPKhj
                0x0000204e       0x60 src/libraries/Wire/src/Wire.o
                0x0000204e                _ZN7TwoWire5writeEPKhj
 .text._ZN7TwoWire5writeEh
                0x000020ae       0x5e src/libraries/Wire/src/Wire.o
                0x000020ae                _ZN7TwoWire5writeEh
 .text._ZN7TwoWireC2Ev
                0x0000210c       0x20 src/libraries/Wire/src/Wire.o
                0x0000210c                _ZN7TwoWireC1Ev
                0x0000210c                _ZN7TwoWireC2Ev
 .text.startup._GLOBAL__sub_I__ZN7TwoWire8rxBufferE
                0x0000212c        0x8 src/libraries/Wire/src/Wire.o
 .text.__cxa_pure_virtual
                0x00002134        0x4 C:\Users\Mark\DOCUME~1\ATMELS~1\7.0\CUSTOM~1\MATRIX~2\MATRIX~1\ARDUIN~1\Debug\libArduinoCore.a(abi.o)
                0x00002134                __cxa_pure_virtual
 .text._ZN14HardwareSerial9availableEv
                0x00002138       0x18 C:\Users\Mark\DOCUME~1\ATMELS~1\7.0\CUSTOM~1\MATRIX~2\MATRIX~1\ARDUIN~1\Debug\libArduinoCore.a(HardwareSerial.o)
                0x00002138                _ZN14HardwareSerial9availableEv
 .text._ZN14HardwareSerial4peekEv
                0x00002150       0x1c C:\Users\Mark\DOCUME~1\ATMELS~1\7.0\CUSTOM~1\MATRIX~2\MATRIX~1\ARDUIN~1\Debug\libArduinoCore.a(HardwareSerial.o)
                0x00002150                _ZN14HardwareSerial4peekEv
 .text._ZN14HardwareSerial4readEv
                0x0000216c       0x28 C:\Users\Mark\DOCUME~1\ATMELS~1\7.0\CUSTOM~1\MATRIX~2\MATRIX~1\ARDUIN~1\Debug\libArduinoCore.a(HardwareSerial.o)
                0x0000216c                _ZN14HardwareSerial4readEv
 .text._Z14serialEventRunv
                0x00002194       0x1c C:\Users\Mark\DOCUME~1\ATMELS~1\7.0\CUSTOM~1\MATRIX~2\MATRIX~1\ARDUIN~1\Debug\libArduinoCore.a(HardwareSerial.o)
                0x00002194                _Z14serialEventRunv
 .text._ZN14HardwareSerial17_tx_udr_empty_irqEv
                0x000021b0       0x42 C:\Users\Mark\DOCUME~1\ATMELS~1\7.0\CUSTOM~1\MATRIX~2\MATRIX~1\ARDUIN~1\Debug\libArduinoCore.a(HardwareSerial.o)
                0x000021b0                _ZN14HardwareSerial17_tx_udr_empty_irqEv
 .text._ZN14HardwareSerial5flushEv
                0x000021f2       0x44 C:\Users\Mark\DOCUME~1\ATMELS~1\7.0\CUSTOM~1\MATRIX~2\MATRIX~1\ARDUIN~1\Debug\libArduinoCore.a(HardwareSerial.o)
                0x000021f2                _ZN14HardwareSerial5flushEv
 .text._ZN14HardwareSerial5writeEh
                0x00002236       0x8e C:\Users\Mark\DOCUME~1\ATMELS~1\7.0\CUSTOM~1\MATRIX~2\MATRIX~1\ARDUIN~1\Debug\libArduinoCore.a(HardwareSerial.o)
                0x00002236                _ZN14HardwareSerial5writeEh
 .text._ZN14HardwareSerial5beginEmh
                0x000022c4       0xca C:\Users\Mark\DOCUME~1\ATMELS~1\7.0\CUSTOM~1\MATRIX~2\MATRIX~1\ARDUIN~1\Debug\libArduinoCore.a(HardwareSerial.o)
                0x000022c4                _ZN14HardwareSerial5beginEmh
 .text.__vector_18
                0x0000238e       0x64 C:\Users\Mark\DOCUME~1\ATMELS~1\7.0\CUSTOM~1\MATRIX~2\MATRIX~1\ARDUIN~1\Debug\libArduinoCore.a(HardwareSerial0.o)
                0x0000238e                __vector_18
 .text.__vector_19
                0x000023f2       0x4c C:\Users\Mark\DOCUME~1\ATMELS~1\7.0\CUSTOM~1\MATRIX~2\MATRIX~1\ARDUIN~1\Debug\libArduinoCore.a(HardwareSerial0.o)
                0x000023f2                __vector_19
 .text._Z17Serial0_availablev
                0x0000243e       0x14 C:\Users\Mark\DOCUME~1\ATMELS~1\7.0\CUSTOM~1\MATRIX~2\MATRIX~1\ARDUIN~1\Debug\libArduinoCore.a(HardwareSerial0.o)
                0x0000243e                _Z17Serial0_availablev
 .text.startup._GLOBAL__sub_I___vector_18
                0x00002452       0x5a C:\Users\Mark\DOCUME~1\ATMELS~1\7.0\CUSTOM~1\MATRIX~2\MATRIX~1\ARDUIN~1\Debug\libArduinoCore.a(HardwareSerial0.o)
 .text.initVariant
                0x000024ac        0x2 C:\Users\Mark\DOCUME~1\ATMELS~1\7.0\CUSTOM~1\MATRIX~2\MATRIX~1\ARDUIN~1\Debug\libArduinoCore.a(main.o)
                0x000024ac                initVariant
 .text.startup.main
                0x000024ae       0x1e C:\Users\Mark\DOCUME~1\ATMELS~1\7.0\CUSTOM~1\MATRIX~2\MATRIX~1\ARDUIN~1\Debug\libArduinoCore.a(main.o)
                0x000024ae                main
 .text._ZN5Print5writeEPKhj
                0x000024cc       0x56 C:\Users\Mark\DOCUME~1\ATMELS~1\7.0\CUSTOM~1\MATRIX~2\MATRIX~1\ARDUIN~1\Debug\libArduinoCore.a(Print.o)
                0x000024cc                _ZN5Print5writeEPKhj
 .text.__vector_16
                0x00002522       0x94 C:\Users\Mark\DOCUME~1\ATMELS~1\7.0\CUSTOM~1\MATRIX~2\MATRIX~1\ARDUIN~1\Debug\libArduinoCore.a(wiring.o)
                0x00002522                __vector_16
 .text.init     0x000025b6       0x76 C:\Users\Mark\DOCUME~1\ATMELS~1\7.0\CUSTOM~1\MATRIX~2\MATRIX~1\ARDUIN~1\Debug\libArduinoCore.a(wiring.o)
                0x000025b6                init
 .text.turnOffPWM
                0x0000262c       0x52 C:\Users\Mark\DOCUME~1\ATMELS~1\7.0\CUSTOM~1\MATRIX~2\MATRIX~1\ARDUIN~1\Debug\libArduinoCore.a(wiring_digital.o)
 .text.pinMode  0x0000267e       0x78 C:\Users\Mark\DOCUME~1\ATMELS~1\7.0\CUSTOM~1\MATRIX~2\MATRIX~1\ARDUIN~1\Debug\libArduinoCore.a(wiring_digital.o)
                0x0000267e                pinMode
 .text.digitalWrite
                0x000026f6       0x60 C:\Users\Mark\DOCUME~1\ATMELS~1\7.0\CUSTOM~1\MATRIX~2\MATRIX~1\ARDUIN~1\Debug\libArduinoCore.a(wiring_digital.o)
                0x000026f6                digitalWrite
 .text.libgcc.div
                0x00002756       0x44 c:/program files (x86)/atmel/studio/7.0/toolchain/avr8/avr8-gnu-toolchain/bin/../lib/gcc/avr/4.9.2/avr5\libgcc.a(_udivmodsi4.o)
                0x00002756                __udivmodsi4
 .text.libgcc   0x0000279a        0xc c:/program files (x86)/atmel/studio/7.0/toolchain/avr8/avr8-gnu-toolchain/bin/../lib/gcc/avr/4.9.2/avr5\libgcc.a(_tablejump2.o)
                0x0000279a                __tablejump2__
 .text.avr-libc
                0x000027a6      0x25a c:/program files (x86)/atmel/studio/7.0/toolchain/avr8/avr8-gnu-toolchain/bin/../lib/gcc/avr/4.9.2/../../../../avr/lib/avr5\libc.a(malloc.o)
                0x000027a6                malloc
                0x000028d0                free
 .text.avr-libc
                0x00002a00        0xa c:/program files (x86)/atmel/studio/7.0/toolchain/avr8/avr8-gnu-toolchain/bin/../lib/gcc/avr/4.9.2/../../../../avr/lib/avr5\libc.a(abort.o)
                0x00002a00                abort
 .text.avr-libc
                0x00002a0a        0xe c:/program files (x86)/atmel/studio/7.0/toolchain/avr8/avr8-gnu-toolchain/bin/../lib/gcc/avr/4.9.2/../../../../avr/lib/avr5\libc.a(memset.o)
                0x00002a0a                memset
                0x00002a18                . = ALIGN (0x2)
 *(.fini9)
 .fini9         0x00002a18        0x0 c:/program files (x86)/atmel/studio/7.0/toolchain/avr8/avr8-gnu-toolchain/bin/../lib/gcc/avr/4.9.2/avr5\libgcc.a(_exit.o)
                0x00002a18                _exit
                0x00002a18                exit
 *(.fini9)
 *(.fini8)
 *(.fini8)
 *(.fini7)
 *(.fini7)
 *(.fini6)
 *(.fini6)
 *(.fini5)
 *(.fini5)
 *(.fini4)
 *(.fini4)
 *(.fini3)
 *(.fini3)
 *(.fini2)
 *(.fini2)
 *(.fini1)
 *(.fini1)
 *(.fini0)
 .fini0         0x00002a18        0x4 c:/program files (x86)/atmel/studio/7.0/toolchain/avr8/avr8-gnu-toolchain/bin/../lib/gcc/avr/4.9.2/avr5\libgcc.a(_exit.o)
 *(.fini0)
                0x00002a1c                _etext = .

.data           0x00800100       0x58 load address 0x00002a1c
                0x00800100                PROVIDE (__data_start, .)
 *(.data)
 .data          0x00800100        0x6 c:/program files (x86)/atmel/studio/7.0/toolchain/avr8/avr8-gnu-toolchain/bin/../lib/gcc/avr/4.9.2/../../../../avr/lib/avr5\libc.a(malloc.o)
                0x00800100                __malloc_heap_end
                0x00800102                __malloc_heap_start
                0x00800104                __malloc_margin
 *(.data*)
 .data._ZZ4loopE6output
                0x00800106        0x1 Sketch.o
 *(.rodata)
 *(.rodata*)
 .rodata._ZTV12Adafruit_GFX
                0x00800107       0x18 src/libraries/Adafruit_GFX/Adafruit_GFX.o
                0x00800107                _ZTV12Adafruit_GFX
 .rodata._ZTV14RGBmatrixPanel
                0x0080011f       0x18 src/libraries/RGBmatrixPanel/RGBmatrixPanel.o
                0x0080011f                _ZTV14RGBmatrixPanel
 .rodata._ZTV7TwoWire
                0x00800137       0x10 src/libraries/Wire/src/Wire.o
                0x00800137                _ZTV7TwoWire
 .rodata._ZTV14HardwareSerial
                0x00800147       0x10 C:\Users\Mark\DOCUME~1\ATMELS~1\7.0\CUSTOM~1\MATRIX~2\MATRIX~1\ARDUIN~1\Debug\libArduinoCore.a(HardwareSerial.o)
                0x00800147                _ZTV14HardwareSerial
 *(.gnu.linkonce.d*)
                0x00800158                . = ALIGN (0x2)
 *fill*         0x00800157        0x1 
                0x00800158                _edata = .
                0x00800158                PROVIDE (__data_end, .)

.bss            0x00800158      0x1c9
                0x00800158                PROVIDE (__bss_start, .)
 *(.bss)
 *(.bss*)
 .bss.Colors    0x00800158       0x10 Sketch.o
                0x00800158                Colors
 .bss.UpdateFlag
                0x00800168        0x1 Sketch.o
                0x00800168                UpdateFlag
 .bss.debug     0x00800169        0x1 Sketch.o
                0x00800169                debug
 .bss.matrix    0x0080016a       0x3f Sketch.o
                0x0080016a                matrix
 .bss._ZN8MsTimer25tcnt2E
                0x008001a9        0x2 src/libraries/MsTimer2/MsTimer2.o
                0x008001a9                _ZN8MsTimer25tcnt2E
 .bss._ZN8MsTimer211overflowingE
                0x008001ab        0x1 src/libraries/MsTimer2/MsTimer2.o
                0x008001ab                _ZN8MsTimer211overflowingE
 .bss._ZN8MsTimer25countE
                0x008001ac        0x4 src/libraries/MsTimer2/MsTimer2.o
                0x008001ac                _ZN8MsTimer25countE
 .bss._ZN8MsTimer24funcE
                0x008001b0        0x2 src/libraries/MsTimer2/MsTimer2.o
                0x008001b0                _ZN8MsTimer24funcE
 .bss._ZN8MsTimer25msecsE
                0x008001b2        0x4 src/libraries/MsTimer2/MsTimer2.o
                0x008001b2                _ZN8MsTimer25msecsE
 .bss._ZL11activePanel
                0x008001b6        0x2 src/libraries/RGBmatrixPanel/RGBmatrixPanel.o
 .bss.twi_error
                0x008001b8        0x1 src/libraries/Wire/src/utility/twi.o
 .bss.twi_rxBufferIndex
                0x008001b9        0x1 src/libraries/Wire/src/utility/twi.o
 .bss.twi_rxBuffer
                0x008001ba       0x20 src/libraries/Wire/src/utility/twi.o
 .bss.twi_txBufferLength
                0x008001da        0x1 src/libraries/Wire/src/utility/twi.o
 .bss.twi_txBufferIndex
                0x008001db        0x1 src/libraries/Wire/src/utility/twi.o
 .bss.twi_txBuffer
                0x008001dc       0x20 src/libraries/Wire/src/utility/twi.o
 .bss.twi_masterBufferLength
                0x008001fc        0x1 src/libraries/Wire/src/utility/twi.o
 .bss.twi_masterBufferIndex
                0x008001fd        0x1 src/libraries/Wire/src/utility/twi.o
 .bss.twi_masterBuffer
                0x008001fe       0x20 src/libraries/Wire/src/utility/twi.o
 .bss.twi_onSlaveReceive
                0x0080021e        0x2 src/libraries/Wire/src/utility/twi.o
 .bss.twi_onSlaveTransmit
                0x00800220        0x2 src/libraries/Wire/src/utility/twi.o
 .bss.twi_inRepStart
                0x00800222        0x1 src/libraries/Wire/src/utility/twi.o
 .bss.twi_sendStop
                0x00800223        0x1 src/libraries/Wire/src/utility/twi.o
 .bss.twi_slarw
                0x00800224        0x1 src/libraries/Wire/src/utility/twi.o
 .bss.twi_state
                0x00800225        0x1 src/libraries/Wire/src/utility/twi.o
 .bss.Wire      0x00800226        0xc src/libraries/Wire/src/Wire.o
                0x00800226                Wire
 .bss._ZN7TwoWire12transmittingE
                0x00800232        0x1 src/libraries/Wire/src/Wire.o
                0x00800232                _ZN7TwoWire12transmittingE
 .bss._ZN7TwoWire14txBufferLengthE
                0x00800233        0x1 src/libraries/Wire/src/Wire.o
                0x00800233                _ZN7TwoWire14txBufferLengthE
 .bss._ZN7TwoWire13txBufferIndexE
                0x00800234        0x1 src/libraries/Wire/src/Wire.o
                0x00800234                _ZN7TwoWire13txBufferIndexE
 .bss._ZN7TwoWire8txBufferE
                0x00800235       0x20 src/libraries/Wire/src/Wire.o
                0x00800235                _ZN7TwoWire8txBufferE
 .bss._ZN7TwoWire14rxBufferLengthE
                0x00800255        0x1 src/libraries/Wire/src/Wire.o
                0x00800255                _ZN7TwoWire14rxBufferLengthE
 .bss._ZN7TwoWire13rxBufferIndexE
                0x00800256        0x1 src/libraries/Wire/src/Wire.o
                0x00800256                _ZN7TwoWire13rxBufferIndexE
 .bss._ZN7TwoWire8rxBufferE
                0x00800257       0x20 src/libraries/Wire/src/Wire.o
                0x00800257                _ZN7TwoWire8rxBufferE
 .bss.Serial    0x00800277       0x9d C:\Users\Mark\DOCUME~1\ATMELS~1\7.0\CUSTOM~1\MATRIX~2\MATRIX~1\ARDUIN~1\Debug\libArduinoCore.a(HardwareSerial0.o)
                0x00800277                Serial
 .bss.timer0_fract
                0x00800314        0x1 C:\Users\Mark\DOCUME~1\ATMELS~1\7.0\CUSTOM~1\MATRIX~2\MATRIX~1\ARDUIN~1\Debug\libArduinoCore.a(wiring.o)
 .bss.timer0_millis
                0x00800315        0x4 C:\Users\Mark\DOCUME~1\ATMELS~1\7.0\CUSTOM~1\MATRIX~2\MATRIX~1\ARDUIN~1\Debug\libArduinoCore.a(wiring.o)
                0x00800315                timer0_millis
 .bss.timer0_overflow_count
                0x00800319        0x4 C:\Users\Mark\DOCUME~1\ATMELS~1\7.0\CUSTOM~1\MATRIX~2\MATRIX~1\ARDUIN~1\Debug\libArduinoCore.a(wiring.o)
                0x00800319                timer0_overflow_count
 *(COMMON)
 COMMON         0x0080031d        0x4 c:/program files (x86)/atmel/studio/7.0/toolchain/avr8/avr8-gnu-toolchain/bin/../lib/gcc/avr/4.9.2/../../../../avr/lib/avr5\libc.a(malloc.o)
                0x0080031d                __brkval
                0x0080031f                __flp
                0x00800321                PROVIDE (__bss_end, .)
                0x00002a1c                __data_load_start = LOADADDR (.data)
                0x00002a74                __data_load_end = (__data_load_start + SIZEOF (.data))

.noinit         0x00800321        0x0
                0x00800321                PROVIDE (__noinit_start, .)
 *(.noinit*)
                0x00800321                PROVIDE (__noinit_end, .)
                0x00800321                _end = .
                0x00800321                PROVIDE (__heap_start, .)

.eeprom         0x00810000        0x0
 *(.eeprom*)
                0x00810000                __eeprom_end = .

.fuse
 *(.fuse)
 *(.lfuse)
 *(.hfuse)
 *(.efuse)

.lock
 *(.lock*)

.signature
 *(.signature*)

.user_signatures
 *(.user_signatures*)

.stab
 *(.stab)

.stabstr
 *(.stabstr)

.stab.excl
 *(.stab.excl)

.stab.exclstr
 *(.stab.exclstr)

.stab.index
 *(.stab.index)

.stab.indexstr
 *(.stab.indexstr)

.comment        0x00000000       0x30
 *(.comment)
 .comment       0x00000000       0x30 Sketch.o
                                 0x31 (size before relaxing)
 .comment       0x00000030       0x31 src/libraries/Adafruit_GFX/Adafruit_GFX.o
 .comment       0x00000030       0x31 src/libraries/MsTimer2/MsTimer2.o
 .comment       0x00000030       0x31 src/libraries/RGBmatrixPanel/RGBmatrixPanel.o
 .comment       0x00000030       0x31 src/libraries/Wire/src/utility/twi.o
 .comment       0x00000030       0x31 src/libraries/Wire/src/Wire.o
 .comment       0x00000030       0x31 C:\Users\Mark\DOCUME~1\ATMELS~1\7.0\CUSTOM~1\MATRIX~2\MATRIX~1\ARDUIN~1\Debug\libArduinoCore.a(abi.o)
 .comment       0x00000030       0x31 C:\Users\Mark\DOCUME~1\ATMELS~1\7.0\CUSTOM~1\MATRIX~2\MATRIX~1\ARDUIN~1\Debug\libArduinoCore.a(HardwareSerial.o)
 .comment       0x00000030       0x31 C:\Users\Mark\DOCUME~1\ATMELS~1\7.0\CUSTOM~1\MATRIX~2\MATRIX~1\ARDUIN~1\Debug\libArduinoCore.a(HardwareSerial0.o)
 .comment       0x00000030       0x31 C:\Users\Mark\DOCUME~1\ATMELS~1\7.0\CUSTOM~1\MATRIX~2\MATRIX~1\ARDUIN~1\Debug\libArduinoCore.a(main.o)
 .comment       0x00000030       0x31 C:\Users\Mark\DOCUME~1\ATMELS~1\7.0\CUSTOM~1\MATRIX~2\MATRIX~1\ARDUIN~1\Debug\libArduinoCore.a(Print.o)
 .comment       0x00000030       0x31 C:\Users\Mark\DOCUME~1\ATMELS~1\7.0\CUSTOM~1\MATRIX~2\MATRIX~1\ARDUIN~1\Debug\libArduinoCore.a(wiring.o)
 .comment       0x00000030       0x31 C:\Users\Mark\DOCUME~1\ATMELS~1\7.0\CUSTOM~1\MATRIX~2\MATRIX~1\ARDUIN~1\Debug\libArduinoCore.a(wiring_digital.o)
 .comment       0x00000030       0x31 c:/program files (x86)/atmel/studio/7.0/toolchain/avr8/avr8-gnu-toolchain/bin/../lib/gcc/avr/4.9.2/../../../../avr/lib/avr5\libc.a(malloc.o)

.note.gnu.avr.deviceinfo
                0x00000000       0x40
 .note.gnu.avr.deviceinfo
                0x00000000       0x40 C:/Program Files (x86)/Atmel/Studio/7.0/Packs/atmel/ATmega_DFP/1.0.98/gcc/dev/atmega328p/avr5/crtatmega328p.o

.note.gnu.build-id
 *(.note.gnu.build-id)

.debug
 *(.debug)

.line
 *(.line)

.debug_srcinfo
 *(.debug_srcinfo)

.debug_sfnames
 *(.debug_sfnames)

.debug_aranges  0x00000000      0x6d0
 *(.debug_aranges)
 .debug_aranges
                0x00000000       0x48 Sketch.o
 .debug_aranges
                0x00000048      0x1d8 src/libraries/Adafruit_GFX/Adafruit_GFX.o
 .debug_aranges
                0x00000220       0x40 src/libraries/MsTimer2/MsTimer2.o
 .debug_aranges
                0x00000260       0x98 src/libraries/RGBmatrixPanel/RGBmatrixPanel.o
 .debug_aranges
                0x000002f8       0x80 src/libraries/Wire/src/utility/twi.o
 .debug_aranges
                0x00000378       0xe8 src/libraries/Wire/src/Wire.o
 .debug_aranges
                0x00000460       0x28 C:\Users\Mark\DOCUME~1\ATMELS~1\7.0\CUSTOM~1\MATRIX~2\MATRIX~1\ARDUIN~1\Debug\libArduinoCore.a(abi.o)
 .debug_aranges
                0x00000488       0x68 C:\Users\Mark\DOCUME~1\ATMELS~1\7.0\CUSTOM~1\MATRIX~2\MATRIX~1\ARDUIN~1\Debug\libArduinoCore.a(HardwareSerial.o)
 .debug_aranges
                0x000004f0       0x38 C:\Users\Mark\DOCUME~1\ATMELS~1\7.0\CUSTOM~1\MATRIX~2\MATRIX~1\ARDUIN~1\Debug\libArduinoCore.a(HardwareSerial0.o)
 .debug_aranges
                0x00000528       0x38 C:\Users\Mark\DOCUME~1\ATMELS~1\7.0\CUSTOM~1\MATRIX~2\MATRIX~1\ARDUIN~1\Debug\libArduinoCore.a(main.o)
 .debug_aranges
                0x00000560       0xf0 C:\Users\Mark\DOCUME~1\ATMELS~1\7.0\CUSTOM~1\MATRIX~2\MATRIX~1\ARDUIN~1\Debug\libArduinoCore.a(Print.o)
 .debug_aranges
                0x00000650       0x48 C:\Users\Mark\DOCUME~1\ATMELS~1\7.0\CUSTOM~1\MATRIX~2\MATRIX~1\ARDUIN~1\Debug\libArduinoCore.a(wiring.o)
 .debug_aranges
                0x00000698       0x38 C:\Users\Mark\DOCUME~1\ATMELS~1\7.0\CUSTOM~1\MATRIX~2\MATRIX~1\ARDUIN~1\Debug\libArduinoCore.a(wiring_digital.o)

.debug_pubnames
 *(.debug_pubnames)

.debug_info     0x00000000    0x103a6
 *(.debug_info .gnu.linkonce.wi.*)
 .debug_info    0x00000000     0x1133 Sketch.o
 .debug_info    0x00001133     0x47f5 src/libraries/Adafruit_GFX/Adafruit_GFX.o
 .debug_info    0x00005928      0x211 src/libraries/MsTimer2/MsTimer2.o
 .debug_info    0x00005b39     0x17f3 src/libraries/RGBmatrixPanel/RGBmatrixPanel.o
 .debug_info    0x0000732c      0x607 src/libraries/Wire/src/utility/twi.o
 .debug_info    0x00007933     0x2476 src/libraries/Wire/src/Wire.o
 .debug_info    0x00009da9       0x8e C:\Users\Mark\DOCUME~1\ATMELS~1\7.0\CUSTOM~1\MATRIX~2\MATRIX~1\ARDUIN~1\Debug\libArduinoCore.a(abi.o)
 .debug_info    0x00009e37     0x1b95 C:\Users\Mark\DOCUME~1\ATMELS~1\7.0\CUSTOM~1\MATRIX~2\MATRIX~1\ARDUIN~1\Debug\libArduinoCore.a(HardwareSerial.o)
 .debug_info    0x0000b9cc     0x17b0 C:\Users\Mark\DOCUME~1\ATMELS~1\7.0\CUSTOM~1\MATRIX~2\MATRIX~1\ARDUIN~1\Debug\libArduinoCore.a(HardwareSerial0.o)
 .debug_info    0x0000d17c      0x225 C:\Users\Mark\DOCUME~1\ATMELS~1\7.0\CUSTOM~1\MATRIX~2\MATRIX~1\ARDUIN~1\Debug\libArduinoCore.a(main.o)
 .debug_info    0x0000d3a1     0x2744 C:\Users\Mark\DOCUME~1\ATMELS~1\7.0\CUSTOM~1\MATRIX~2\MATRIX~1\ARDUIN~1\Debug\libArduinoCore.a(Print.o)
 .debug_info    0x0000fae5      0x2c8 C:\Users\Mark\DOCUME~1\ATMELS~1\7.0\CUSTOM~1\MATRIX~2\MATRIX~1\ARDUIN~1\Debug\libArduinoCore.a(wiring.o)
 .debug_info    0x0000fdad      0x5f9 C:\Users\Mark\DOCUME~1\ATMELS~1\7.0\CUSTOM~1\MATRIX~2\MATRIX~1\ARDUIN~1\Debug\libArduinoCore.a(wiring_digital.o)

.debug_abbrev   0x00000000     0x2733
 *(.debug_abbrev)
 .debug_abbrev  0x00000000      0x3a6 Sketch.o
 .debug_abbrev  0x000003a6      0x563 src/libraries/Adafruit_GFX/Adafruit_GFX.o
 .debug_abbrev  0x00000909      0x114 src/libraries/MsTimer2/MsTimer2.o
 .debug_abbrev  0x00000a1d      0x4c3 src/libraries/RGBmatrixPanel/RGBmatrixPanel.o
 .debug_abbrev  0x00000ee0      0x25f src/libraries/Wire/src/utility/twi.o
 .debug_abbrev  0x0000113f      0x5b0 src/libraries/Wire/src/Wire.o
 .debug_abbrev  0x000016ef       0x5e C:\Users\Mark\DOCUME~1\ATMELS~1\7.0\CUSTOM~1\MATRIX~2\MATRIX~1\ARDUIN~1\Debug\libArduinoCore.a(abi.o)
 .debug_abbrev  0x0000174d      0x44a C:\Users\Mark\DOCUME~1\ATMELS~1\7.0\CUSTOM~1\MATRIX~2\MATRIX~1\ARDUIN~1\Debug\libArduinoCore.a(HardwareSerial.o)
 .debug_abbrev  0x00001b97      0x394 C:\Users\Mark\DOCUME~1\ATMELS~1\7.0\CUSTOM~1\MATRIX~2\MATRIX~1\ARDUIN~1\Debug\libArduinoCore.a(HardwareSerial0.o)
 .debug_abbrev  0x00001f2b      0x102 C:\Users\Mark\DOCUME~1\ATMELS~1\7.0\CUSTOM~1\MATRIX~2\MATRIX~1\ARDUIN~1\Debug\libArduinoCore.a(main.o)
 .debug_abbrev  0x0000202d      0x466 C:\Users\Mark\DOCUME~1\ATMELS~1\7.0\CUSTOM~1\MATRIX~2\MATRIX~1\ARDUIN~1\Debug\libArduinoCore.a(Print.o)
 .debug_abbrev  0x00002493      0x145 C:\Users\Mark\DOCUME~1\ATMELS~1\7.0\CUSTOM~1\MATRIX~2\MATRIX~1\ARDUIN~1\Debug\libArduinoCore.a(wiring.o)
 .debug_abbrev  0x000025d8      0x15b C:\Users\Mark\DOCUME~1\ATMELS~1\7.0\CUSTOM~1\MATRIX~2\MATRIX~1\ARDUIN~1\Debug\libArduinoCore.a(wiring_digital.o)

.debug_line     0x00000000     0x28fc
 *(.debug_line .debug_line.* .debug_line_end)
 .debug_line    0x00000000      0x422 Sketch.o
 .debug_line    0x00000422      0xa47 src/libraries/Adafruit_GFX/Adafruit_GFX.o
 .debug_line    0x00000e69       0xe6 src/libraries/MsTimer2/MsTimer2.o
 .debug_line    0x00000f4f      0x54e src/libraries/RGBmatrixPanel/RGBmatrixPanel.o
 .debug_line    0x0000149d      0x2bc src/libraries/Wire/src/utility/twi.o
 .debug_line    0x00001759      0x3d9 src/libraries/Wire/src/Wire.o
 .debug_line    0x00001b32       0xb3 C:\Users\Mark\DOCUME~1\ATMELS~1\7.0\CUSTOM~1\MATRIX~2\MATRIX~1\ARDUIN~1\Debug\libArduinoCore.a(abi.o)
 .debug_line    0x00001be5      0x2c6 C:\Users\Mark\DOCUME~1\ATMELS~1\7.0\CUSTOM~1\MATRIX~2\MATRIX~1\ARDUIN~1\Debug\libArduinoCore.a(HardwareSerial.o)
 .debug_line    0x00001eab      0x211 C:\Users\Mark\DOCUME~1\ATMELS~1\7.0\CUSTOM~1\MATRIX~2\MATRIX~1\ARDUIN~1\Debug\libArduinoCore.a(HardwareSerial0.o)
 .debug_line    0x000020bc      0x149 C:\Users\Mark\DOCUME~1\ATMELS~1\7.0\CUSTOM~1\MATRIX~2\MATRIX~1\ARDUIN~1\Debug\libArduinoCore.a(main.o)
 .debug_line    0x00002205      0x414 C:\Users\Mark\DOCUME~1\ATMELS~1\7.0\CUSTOM~1\MATRIX~2\MATRIX~1\ARDUIN~1\Debug\libArduinoCore.a(Print.o)
 .debug_line    0x00002619      0x195 C:\Users\Mark\DOCUME~1\ATMELS~1\7.0\CUSTOM~1\MATRIX~2\MATRIX~1\ARDUIN~1\Debug\libArduinoCore.a(wiring.o)
 .debug_line    0x000027ae      0x14e C:\Users\Mark\DOCUME~1\ATMELS~1\7.0\CUSTOM~1\MATRIX~2\MATRIX~1\ARDUIN~1\Debug\libArduinoCore.a(wiring_digital.o)

.debug_frame    0x00000000     0x1b64
 *(.debug_frame)
 .debug_frame   0x00000000      0x120 Sketch.o
 .debug_frame   0x00000120      0xbd4 src/libraries/Adafruit_GFX/Adafruit_GFX.o
 .debug_frame   0x00000cf4       0xac src/libraries/MsTimer2/MsTimer2.o
 .debug_frame   0x00000da0      0x304 src/libraries/RGBmatrixPanel/RGBmatrixPanel.o
 .debug_frame   0x000010a4      0x134 src/libraries/Wire/src/utility/twi.o
 .debug_frame   0x000011d8      0x258 src/libraries/Wire/src/Wire.o
 .debug_frame   0x00001430       0x34 C:\Users\Mark\DOCUME~1\ATMELS~1\7.0\CUSTOM~1\MATRIX~2\MATRIX~1\ARDUIN~1\Debug\libArduinoCore.a(abi.o)
 .debug_frame   0x00001464      0x110 C:\Users\Mark\DOCUME~1\ATMELS~1\7.0\CUSTOM~1\MATRIX~2\MATRIX~1\ARDUIN~1\Debug\libArduinoCore.a(HardwareSerial.o)
 .debug_frame   0x00001574       0xc0 C:\Users\Mark\DOCUME~1\ATMELS~1\7.0\CUSTOM~1\MATRIX~2\MATRIX~1\ARDUIN~1\Debug\libArduinoCore.a(HardwareSerial0.o)
 .debug_frame   0x00001634       0x54 C:\Users\Mark\DOCUME~1\ATMELS~1\7.0\CUSTOM~1\MATRIX~2\MATRIX~1\ARDUIN~1\Debug\libArduinoCore.a(main.o)
 .debug_frame   0x00001688      0x39c C:\Users\Mark\DOCUME~1\ATMELS~1\7.0\CUSTOM~1\MATRIX~2\MATRIX~1\ARDUIN~1\Debug\libArduinoCore.a(Print.o)
 .debug_frame   0x00001a24       0xc4 C:\Users\Mark\DOCUME~1\ATMELS~1\7.0\CUSTOM~1\MATRIX~2\MATRIX~1\ARDUIN~1\Debug\libArduinoCore.a(wiring.o)
 .debug_frame   0x00001ae8       0x7c C:\Users\Mark\DOCUME~1\ATMELS~1\7.0\CUSTOM~1\MATRIX~2\MATRIX~1\ARDUIN~1\Debug\libArduinoCore.a(wiring_digital.o)

.debug_str      0x00000000     0x3249
 *(.debug_str)
 .debug_str     0x00000000      0x636 Sketch.o
                                0x6b0 (size before relaxing)
 .debug_str     0x00000636      0xb56 src/libraries/Adafruit_GFX/Adafruit_GFX.o
                                0xf0a (size before relaxing)
 .debug_str     0x0000118c       0xfa src/libraries/MsTimer2/MsTimer2.o
                                0x30b (size before relaxing)
 .debug_str     0x00001286      0x3f2 src/libraries/RGBmatrixPanel/RGBmatrixPanel.o
                                0x7c2 (size before relaxing)
 .debug_str     0x00001678      0x2be src/libraries/Wire/src/utility/twi.o
                                0x3d0 (size before relaxing)
 .debug_str     0x00001936     0x1120 src/libraries/Wire/src/Wire.o
                               0x1529 (size before relaxing)
 .debug_str     0x00002a56       0xab C:\Users\Mark\DOCUME~1\ATMELS~1\7.0\CUSTOM~1\MATRIX~2\MATRIX~1\ARDUIN~1\Debug\libArduinoCore.a(abi.o)
                                0x1b5 (size before relaxing)
 .debug_str     0x00002b01      0x2d6 C:\Users\Mark\DOCUME~1\ATMELS~1\7.0\CUSTOM~1\MATRIX~2\MATRIX~1\ARDUIN~1\Debug\libArduinoCore.a(HardwareSerial.o)
                               0x1277 (size before relaxing)
 .debug_str     0x00002dd7       0x47 C:\Users\Mark\DOCUME~1\ATMELS~1\7.0\CUSTOM~1\MATRIX~2\MATRIX~1\ARDUIN~1\Debug\libArduinoCore.a(HardwareSerial0.o)
                               0x1077 (size before relaxing)
 .debug_str     0x00002e1e       0x43 C:\Users\Mark\DOCUME~1\ATMELS~1\7.0\CUSTOM~1\MATRIX~2\MATRIX~1\ARDUIN~1\Debug\libArduinoCore.a(main.o)
                                0x2a6 (size before relaxing)
 .debug_str     0x00002e61      0x2f4 C:\Users\Mark\DOCUME~1\ATMELS~1\7.0\CUSTOM~1\MATRIX~2\MATRIX~1\ARDUIN~1\Debug\libArduinoCore.a(Print.o)
                                0xef0 (size before relaxing)
 .debug_str     0x00003155       0x79 C:\Users\Mark\DOCUME~1\ATMELS~1\7.0\CUSTOM~1\MATRIX~2\MATRIX~1\ARDUIN~1\Debug\libArduinoCore.a(wiring.o)
                                0x250 (size before relaxing)
 .debug_str     0x000031ce       0x7b C:\Users\Mark\DOCUME~1\ATMELS~1\7.0\CUSTOM~1\MATRIX~2\MATRIX~1\ARDUIN~1\Debug\libArduinoCore.a(wiring_digital.o)
                                0x2b5 (size before relaxing)

.debug_loc      0x00000000     0xc8fd
 *(.debug_loc)
 .debug_loc     0x00000000      0xa79 Sketch.o
 .debug_loc     0x00000a79     0x6521 src/libraries/Adafruit_GFX/Adafruit_GFX.o
 .debug_loc     0x00006f9a       0xf3 src/libraries/MsTimer2/MsTimer2.o
 .debug_loc     0x0000708d     0x1bac src/libraries/RGBmatrixPanel/RGBmatrixPanel.o
 .debug_loc     0x00008c39      0x419 src/libraries/Wire/src/utility/twi.o
 .debug_loc     0x00009052      0xb72 src/libraries/Wire/src/Wire.o
 .debug_loc     0x00009bc4      0x497 C:\Users\Mark\DOCUME~1\ATMELS~1\7.0\CUSTOM~1\MATRIX~2\MATRIX~1\ARDUIN~1\Debug\libArduinoCore.a(HardwareSerial.o)
 .debug_loc     0x0000a05b      0x161 C:\Users\Mark\DOCUME~1\ATMELS~1\7.0\CUSTOM~1\MATRIX~2\MATRIX~1\ARDUIN~1\Debug\libArduinoCore.a(HardwareSerial0.o)
 .debug_loc     0x0000a1bc     0x1ef5 C:\Users\Mark\DOCUME~1\ATMELS~1\7.0\CUSTOM~1\MATRIX~2\MATRIX~1\ARDUIN~1\Debug\libArduinoCore.a(Print.o)
 .debug_loc     0x0000c0b1      0x269 C:\Users\Mark\DOCUME~1\ATMELS~1\7.0\CUSTOM~1\MATRIX~2\MATRIX~1\ARDUIN~1\Debug\libArduinoCore.a(wiring.o)
 .debug_loc     0x0000c31a      0x5e3 C:\Users\Mark\DOCUME~1\ATMELS~1\7.0\CUSTOM~1\MATRIX~2\MATRIX~1\ARDUIN~1\Debug\libArduinoCore.a(wiring_digital.o)

.debug_macinfo
 *(.debug_macinfo)

.debug_weaknames
 *(.debug_weaknames)

.debug_funcnames
 *(.debug_funcnames)

.debug_typenames
 *(.debug_typenames)

.debug_varnames
 *(.debug_varnames)

.debug_pubtypes
 *(.debug_pubtypes)

.debug_ranges   0x00000000      0xa30
 *(.debug_ranges)
 .debug_ranges  0x00000000      0x2d0 Sketch.o
 .debug_ranges  0x000002d0      0x2d0 src/libraries/Adafruit_GFX/Adafruit_GFX.o
 .debug_ranges  0x000005a0       0x30 src/libraries/MsTimer2/MsTimer2.o
 .debug_ranges  0x000005d0       0xb8 src/libraries/RGBmatrixPanel/RGBmatrixPanel.o
 .debug_ranges  0x00000688       0x70 src/libraries/Wire/src/utility/twi.o
 .debug_ranges  0x000006f8       0xd8 src/libraries/Wire/src/Wire.o
 .debug_ranges  0x000007d0       0x18 C:\Users\Mark\DOCUME~1\ATMELS~1\7.0\CUSTOM~1\MATRIX~2\MATRIX~1\ARDUIN~1\Debug\libArduinoCore.a(abi.o)
 .debug_ranges  0x000007e8       0x70 C:\Users\Mark\DOCUME~1\ATMELS~1\7.0\CUSTOM~1\MATRIX~2\MATRIX~1\ARDUIN~1\Debug\libArduinoCore.a(HardwareSerial.o)
 .debug_ranges  0x00000858       0x28 C:\Users\Mark\DOCUME~1\ATMELS~1\7.0\CUSTOM~1\MATRIX~2\MATRIX~1\ARDUIN~1\Debug\libArduinoCore.a(HardwareSerial0.o)
 .debug_ranges  0x00000880       0x28 C:\Users\Mark\DOCUME~1\ATMELS~1\7.0\CUSTOM~1\MATRIX~2\MATRIX~1\ARDUIN~1\Debug\libArduinoCore.a(main.o)
 .debug_ranges  0x000008a8      0x128 C:\Users\Mark\DOCUME~1\ATMELS~1\7.0\CUSTOM~1\MATRIX~2\MATRIX~1\ARDUIN~1\Debug\libArduinoCore.a(Print.o)
 .debug_ranges  0x000009d0       0x38 C:\Users\Mark\DOCUME~1\ATMELS~1\7.0\CUSTOM~1\MATRIX~2\MATRIX~1\ARDUIN~1\Debug\libArduinoCore.a(wiring.o)
 .debug_ranges  0x00000a08       0x28 C:\Users\Mark\DOCUME~1\ATMELS~1\7.0\CUSTOM~1\MATRIX~2\MATRIX~1\ARDUIN~1\Debug\libArduinoCore.a(wiring_digital.o)

.debug_macro
 *(.debug_macro)
OUTPUT(Display.elf elf32-avr)
LOAD linker stubs
