Archive member included to satisfy reference by file (symbol)

C:\Users\Mark\Documents\Atmel Studio\7.0\Custom Project\Matrix Logic\ArduinoCore\Debug\libArduinoCore.a(HardwareSerial.o)
                              main.o (_ZN14HardwareSerial9availableEv)
C:\Users\Mark\Documents\Atmel Studio\7.0\Custom Project\Matrix Logic\ArduinoCore\Debug\libArduinoCore.a(HardwareSerial0.o)
                              main.o (Serial)
C:\Users\Mark\Documents\Atmel Studio\7.0\Custom Project\Matrix Logic\ArduinoCore\Debug\libArduinoCore.a(main.o)
                              C:/Program Files (x86)/Atmel/Studio/7.0/Packs/atmel/ATmega_DFP/1.0.98/gcc/dev/atmega328p/avr5/crtatmega328p.o (main)
C:\Users\Mark\Documents\Atmel Studio\7.0\Custom Project\Matrix Logic\ArduinoCore\Debug\libArduinoCore.a(new.o)
                              main.o (_Znwj)
C:\Users\Mark\Documents\Atmel Studio\7.0\Custom Project\Matrix Logic\ArduinoCore\Debug\libArduinoCore.a(Print.o)
                              src/libraries/SoftwareSerial/src/SoftwareSerial.o (_ZN5Print5writeEPKhj)
C:\Users\Mark\Documents\Atmel Studio\7.0\Custom Project\Matrix Logic\ArduinoCore\Debug\libArduinoCore.a(wiring.o)
                              C:\Users\Mark\Documents\Atmel Studio\7.0\Custom Project\Matrix Logic\ArduinoCore\Debug\libArduinoCore.a(main.o) (init)
C:\Users\Mark\Documents\Atmel Studio\7.0\Custom Project\Matrix Logic\ArduinoCore\Debug\libArduinoCore.a(wiring_digital.o)
                              src/libraries/SoftwareSerial/src/SoftwareSerial.o (pinMode)
C:\Users\Mark\Documents\Atmel Studio\7.0\Custom Project\Matrix Logic\ArduinoCore\Debug\libArduinoCore.a(WMath.o)
                              src/libraries/ShmupObjects/Eyeball.o (_Z6randomll)
C:\Users\Mark\Documents\Atmel Studio\7.0\Custom Project\Matrix Logic\ArduinoCore\Debug\libArduinoCore.a(abi.o)
                              C:\Users\Mark\Documents\Atmel Studio\7.0\Custom Project\Matrix Logic\ArduinoCore\Debug\libArduinoCore.a(Print.o) (__cxa_pure_virtual)
C:\Users\Mark\Documents\Atmel Studio\7.0\Custom Project\Matrix Logic\ArduinoCore\Debug\libArduinoCore.a(hooks.o)
                              C:\Users\Mark\Documents\Atmel Studio\7.0\Custom Project\Matrix Logic\ArduinoCore\Debug\libArduinoCore.a(wiring.o) (yield)
c:/program files (x86)/atmel/studio/7.0/toolchain/avr8/avr8-gnu-toolchain/bin/../lib/gcc/avr/4.9.2/../../../../avr/lib/avr5\libm.a(addsf3.o)
                              C:\Users\Mark\Documents\Atmel Studio\7.0\Custom Project\Matrix Logic\ArduinoCore\Debug\libArduinoCore.a(Print.o) (__subsf3)
c:/program files (x86)/atmel/studio/7.0/toolchain/avr8/avr8-gnu-toolchain/bin/../lib/gcc/avr/4.9.2/../../../../avr/lib/avr5\libm.a(addsf3x.o)
                              c:/program files (x86)/atmel/studio/7.0/toolchain/avr8/avr8-gnu-toolchain/bin/../lib/gcc/avr/4.9.2/../../../../avr/lib/avr5\libm.a(addsf3.o) (__addsf3x)
c:/program files (x86)/atmel/studio/7.0/toolchain/avr8/avr8-gnu-toolchain/bin/../lib/gcc/avr/4.9.2/../../../../avr/lib/avr5\libm.a(cmpsf2.o)
                              C:\Users\Mark\Documents\Atmel Studio\7.0\Custom Project\Matrix Logic\ArduinoCore\Debug\libArduinoCore.a(Print.o) (__ltsf2)
c:/program files (x86)/atmel/studio/7.0/toolchain/avr8/avr8-gnu-toolchain/bin/../lib/gcc/avr/4.9.2/../../../../avr/lib/avr5\libm.a(divsf3.o)
                              C:\Users\Mark\Documents\Atmel Studio\7.0\Custom Project\Matrix Logic\ArduinoCore\Debug\libArduinoCore.a(Print.o) (__divsf3)
c:/program files (x86)/atmel/studio/7.0/toolchain/avr8/avr8-gnu-toolchain/bin/../lib/gcc/avr/4.9.2/../../../../avr/lib/avr5\libm.a(divsf3x.o)
                              c:/program files (x86)/atmel/studio/7.0/toolchain/avr8/avr8-gnu-toolchain/bin/../lib/gcc/avr/4.9.2/../../../../avr/lib/avr5\libm.a(divsf3.o) (__divsf3x)
c:/program files (x86)/atmel/studio/7.0/toolchain/avr8/avr8-gnu-toolchain/bin/../lib/gcc/avr/4.9.2/../../../../avr/lib/avr5\libm.a(fixsfsi.o)
                              C:\Users\Mark\Documents\Atmel Studio\7.0\Custom Project\Matrix Logic\ArduinoCore\Debug\libArduinoCore.a(Print.o) (__fixsfsi)
c:/program files (x86)/atmel/studio/7.0/toolchain/avr8/avr8-gnu-toolchain/bin/../lib/gcc/avr/4.9.2/../../../../avr/lib/avr5\libm.a(fixunssfsi.o)
                              C:\Users\Mark\Documents\Atmel Studio\7.0\Custom Project\Matrix Logic\ArduinoCore\Debug\libArduinoCore.a(Print.o) (__fixunssfsi)
c:/program files (x86)/atmel/studio/7.0/toolchain/avr8/avr8-gnu-toolchain/bin/../lib/gcc/avr/4.9.2/../../../../avr/lib/avr5\libm.a(floatsisf.o)
                              C:\Users\Mark\Documents\Atmel Studio\7.0\Custom Project\Matrix Logic\ArduinoCore\Debug\libArduinoCore.a(Print.o) (__floatunsisf)
c:/program files (x86)/atmel/studio/7.0/toolchain/avr8/avr8-gnu-toolchain/bin/../lib/gcc/avr/4.9.2/../../../../avr/lib/avr5\libm.a(fp_cmp.o)
[...]
Memory Configuration

Name             Origin             Length             Attributes
text             0x00000000         0x00020000         xr
data             0x00800060         0x0000ffa0         rw !x
eeprom           0x00810000         0x00010000         rw !x
fuse             0x00820000         0x00000400         rw !x
lock             0x00830000         0x00000400         rw !x
signature        0x00840000         0x00000400         rw !x
user_signatures  0x00850000         0x00000400         rw !x
*default*        0x00000000         0xffffffff

Linker script and memory map

Address of section .data set to 0x800100
LOAD C:/Program Files (x86)/Atmel/Studio/7.0/Packs/atmel/ATmega_DFP/1.0.98/gcc/dev/atmega328p/avr5/crtatmega328p.o
LOAD main.o
LOAD src/libraries/MsTimer2/MsTimer2.o
LOAD src/libraries/ShmupObjects/Eyeball.o
LOAD src/libraries/ShmupObjects/Director.o
LOAD src/libraries/ShmupObjects/Enemy.o
LOAD src/libraries/ShmupObjects/EnmShot.o
LOAD src/libraries/ShmupObjects/Player.o
LOAD src/libraries/ShmupObjects/Player_Shot.o
LOAD src/libraries/SoftwareSerial/src/SoftwareSerial.o
LOAD src/libraries/Wire/src/utility/twi.o
LOAD src/libraries/Wire/src/Wire.o
START GROUP
LOAD c:/program files (x86)/atmel/studio/7.0/toolchain/avr8/avr8-gnu-toolchain/bin/../lib/gcc/avr/4.9.2/../../../../avr/lib/avr5\libm.a
LOAD C:\Users\Mark\Documents\Atmel Studio\7.0\Custom Project\Matrix Logic\ArduinoCore\Debug\libArduinoCore.a
END GROUP
LOAD c:/program files (x86)/atmel/studio/7.0/toolchain/avr8/avr8-gnu-toolchain/bin/../lib/gcc/avr/4.9.2/avr5\libgcc.a
LOAD c:/program files (x86)/atmel/studio/7.0/toolchain/avr8/avr8-gnu-toolchain/bin/../lib/gcc/avr/4.9.2/../../../../avr/lib/avr5\libm.a
START GROUP
LOAD c:/program files (x86)/atmel/studio/7.0/toolchain/avr8/avr8-gnu-toolchain/bin/../lib/gcc/avr/4.9.2/avr5\libgcc.a
LOAD c:/program files (x86)/atmel/studio/7.0/toolchain/avr8/avr8-gnu-toolchain/bin/../lib/gcc/avr/4.9.2/../../../../avr/lib/avr5\libm.a
LOAD c:/program files (x86)/atmel/studio/7.0/toolchain/avr8/avr8-gnu-toolchain/bin/../lib/gcc/avr/4.9.2/../../../../avr/lib/avr5\libc.a
LOAD C:/Program Files (x86)/Atmel/Studio/7.0/Packs/atmel/ATmega_DFP/1.0.98/gcc/dev/atmega328p/avr5\libatmega328p.a
END GROUP

.hash
 *(.hash)

.dynsym
 *(.dynsym)

.dynstr
 *(.dynstr)

.gnu.version
 *(.gnu.version)

.gnu.version_d
 *(.gnu.version_d)

.gnu.version_r
 *(.gnu.version_r)

.rel.init
 *(.rel.init)

.rela.init
 *(.rela.init)

.rel.text
 *(.rel.text)
 *(.rel.text.*)
 *(.rel.gnu.linkonce.t*)

.rela.text
 *(.rela.text)
 *(.rela.text.*)
 *(.rela.gnu.linkonce.t*)

.rel.fini
 *(.rel.fini)

.rela.fini
 *(.rela.fini)

.rel.rodata
 *(.rel.rodata)
 *(.rel.rodata.*)
 *(.rel.gnu.linkonce.r*)

.rela.rodata
 *(.rela.rodata)
 *(.rela.rodata.*)
 *(.rela.gnu.linkonce.r*)

.rel.data
 *(.rel.data)
 *(.rel.data.*)
 *(.rel.gnu.linkonce.d*)

.rela.data
 *(.rela.data)
 *(.rela.data.*)
 *(.rela.gnu.linkonce.d*)

.rel.ctors
 *(.rel.ctors)

.rela.ctors
 *(.rela.ctors)

.rel.dtors
 *(.rel.dtors)

.rela.dtors
 *(.rela.dtors)

.rel.got
 *(.rel.got)

.rela.got
 *(.rela.got)

.rel.bss
 *(.rel.bss)

.rela.bss
 *(.rela.bss)

.rel.plt
 *(.rel.plt)

.rela.plt
 *(.rela.plt)

.text           0x00000000     0x1c5e
 *(.vectors)
 .vectors       0x00000000       0x68 C:/Program Files (x86)/Atmel/Studio/7.0/Packs/atmel/ATmega_DFP/1.0.98/gcc/dev/atmega328p/avr5/crtatmega328p.o
                0x00000000                __vector_default
                0x00000000                __vectors
 *(.vectors)
 *(.progmem.gcc*)
                0x00000068                . = ALIGN (0x2)
                0x00000068                __trampolines_start = .
 *(.trampolines)
 .trampolines   0x00000068        0x0 linker stubs
 *(.trampolines*)
                0x00000068                __trampolines_end = .
 *(.progmem*)
 .progmem.data._ZZ14Send_To_MatrixP6PlayerhE3__c
                0x00000068       0x1b main.o
 .progmem.data.digital_pin_to_timer_PGM
                0x00000083       0x14 C:\Users\Mark\Documents\Atmel Studio\7.0\Custom Project\Matrix Logic\ArduinoCore\Debug\libArduinoCore.a(wiring_digital.o)
                0x00000083                digital_pin_to_timer_PGM
 .progmem.data.digital_pin_to_bit_mask_PGM
                0x00000097       0x14 C:\Users\Mark\Documents\Atmel Studio\7.0\Custom Project\Matrix Logic\ArduinoCore\Debug\libArduinoCore.a(wiring_digital.o)
                0x00000097                digital_pin_to_bit_mask_PGM
 .progmem.data.digital_pin_to_port_PGM
                0x000000ab       0x14 C:\Users\Mark\Documents\Atmel Studio\7.0\Custom Project\Matrix Logic\ArduinoCore\Debug\libArduinoCore.a(wiring_digital.o)
                0x000000ab                digital_pin_to_port_PGM
 .progmem.data.port_to_input_PGM
                0x000000bf        0xa C:\Users\Mark\Documents\Atmel Studio\7.0\Custom Project\Matrix Logic\ArduinoCore\Debug\libArduinoCore.a(wiring_digital.o)
                0x000000bf                port_to_input_PGM
 .progmem.data.port_to_output_PGM
                0x000000c9        0xa C:\Users\Mark\Documents\Atmel Studio\7.0\Custom Project\Matrix Logic\ArduinoCore\Debug\libArduinoCore.a(wiring_digital.o)
                0x000000c9                port_to_output_PGM
 .progmem.data.port_to_mode_PGM
                0x000000d3        0xa C:\Users\Mark\Documents\Atmel Studio\7.0\Custom Project\Matrix Logic\ArduinoCore\Debug\libArduinoCore.a(wiring_digital.o)
                0x000000d3                port_to_mode_PGM
                0x000000de                . = ALIGN (0x2)
 *fill*         0x000000dd        0x1 
 *(.jumptables)
 *(.jumptables*)
 *(.lowtext)
 *(.lowtext*)
                0x000000de                __ctors_start = .
 *(.ctors)
 .ctors         0x000000de        0x2 main.o
 .ctors         0x000000e0        0x2 src/libraries/Wire/src/Wire.o
 .ctors         0x000000e2        0x2 C:\Users\Mark\Documents\Atmel Studio\7.0\Custom Project\Matrix Logic\ArduinoCore\Debug\libArduinoCore.a(HardwareSerial0.o)
                0x000000e4                __ctors_end = .
                0x000000e4                __dtors_start = .
 *(.dtors)
 .dtors         0x000000e4        0x2 main.o
                0x000000e6                __dtors_end = .
 SORT(*)(.ctors)
 SORT(*)(.dtors)
 *(.init0)
 .init0         0x000000e6        0x0 C:/Program Files (x86)/Atmel/Studio/7.0/Packs/atmel/ATmega_DFP/1.0.98/gcc/dev/atmega328p/avr5/crtatmega328p.o
                0x000000e6                __init
 *(.init0)
 *(.init1)
 *(.init1)
 *(.init2)
 .init2         0x000000e6        0xc C:/Program Files (x86)/Atmel/Studio/7.0/Packs/atmel/ATmega_DFP/1.0.98/gcc/dev/atmega328p/avr5/crtatmega328p.o
 *(.init2)
 *(.init3)
 *(.init3)
 *(.init4)
 .init4         0x000000f2       0x16 c:/program files (x86)/atmel/studio/7.0/toolchain/avr8/avr8-gnu-toolchain/bin/../lib/gcc/avr/4.9.2/avr5\libgcc.a(_copy_data.o)
                0x000000f2                __do_copy_data
 .init4         0x00000108       0x10 c:/program files (x86)/atmel/studio/7.0/toolchain/avr8/avr8-gnu-toolchain/bin/../lib/gcc/avr/4.9.2/avr5\libgcc.a(_clear_bss.o)
                0x00000108                __do_clear_bss
 *(.init4)
 *(.init5)
 *(.init5)
 *(.init6)
 .init6         0x00000118       0x16 c:/program files (x86)/atmel/studio/7.0/toolchain/avr8/avr8-gnu-toolchain/bin/../lib/gcc/avr/4.9.2/avr5\libgcc.a(_ctors.o)
                0x00000118                __do_global_ctors
 *(.init6)
 *(.init7)
 *(.init7)
 *(.init8)
 *(.init8)
 *(.init9)
 .init9         0x0000012e        0x8 C:/Program Files (x86)/Atmel/Studio/7.0/Packs/atmel/ATmega_DFP/1.0.98/gcc/dev/atmega328p/avr5/crtatmega328p.o
 *(.init9)
 *(.text)
 .text          0x00000136        0x4 C:/Program Files (x86)/Atmel/Studio/7.0/Packs/atmel/ATmega_DFP/1.0.98/gcc/dev/atmega328p/avr5/crtatmega328p.o
                0x00000136                __vector_22
                0x00000136                __vector_1
                0x00000136                __vector_12
                0x00000136                __bad_interrupt
                0x00000136                __vector_6
                0x00000136                __vector_23
                0x00000136                __vector_25
                0x00000136                __vector_11
                0x00000136                __vector_13
                0x00000136                __vector_17
                0x00000136                __vector_7
                0x00000136                __vector_2
                0x00000136                __vector_21
                0x00000136                __vector_15
                0x00000136                __vector_8
                0x00000136                __vector_14
                0x00000136                __vector_10
                0x00000136                __vector_20
                0x0000013a                . = ALIGN (0x2)
 *(.text.*)
 .text._Z4Tickv
                0x0000013a        0x8 main.o
                0x0000013a                _Z4Tickv
 .text._ZN7TwoWire5writeEi
                0x00000142        0xe main.o
                0x00000142                _ZN7TwoWire5writeEi
 .text._Z13clear_signalsv
                0x00000150        0xe main.o
                0x00000150                _Z13clear_signalsv
 .text.setup    0x0000015e       0xda main.o
                0x0000015e                setup
 .text.startup._GLOBAL__sub_I_num_PS_active
                0x00000238       0x26 main.o
 .text.exit._GLOBAL__sub_D_num_PS_active
                0x0000025e        0x8 main.o
 .text.loop     0x00000266       0x60 main.o
                0x00000266                loop
 .text._Z14Send_To_Matrix7Graphichhh
                0x000002c6       0x48 main.o
                0x000002c6                _Z14Send_To_Matrix7Graphichhh
 .text._Z14Send_To_MatrixP6Playerh
                0x0000030e       0x9e main.o
                0x0000030e                _Z14Send_To_MatrixP6Playerh
 .text._ZN8MsTimer23setEmPFvvE
                0x000003ac       0x90 src/libraries/MsTimer2/MsTimer2.o
                0x000003ac                _ZN8MsTimer23setEmPFvvE
 .text._ZN8MsTimer25startEv
                0x0000043c       0x2c src/libraries/MsTimer2/MsTimer2.o
                0x0000043c                _ZN8MsTimer25startEv
 .text._ZN8MsTimer29_overflowEv
                0x00000468       0x96 src/libraries/MsTimer2/MsTimer2.o
                0x00000468                _ZN8MsTimer29_overflowEv
 .text.__vector_9
                0x000004fe       0x54 src/libraries/MsTimer2/MsTimer2.o
                0x000004fe                __vector_9
 .text._ZN8DirectorC2Ev
                0x00000552        0xa src/libraries/ShmupObjects/Director.o
                0x00000552                _ZN8DirectorC2Ev
                0x00000552                _ZN8DirectorC1Ev
 .text._ZN8Director4TickEv
                0x0000055c       0xa2 src/libraries/ShmupObjects/Director.o
                0x0000055c                _ZN8Director4TickEv
 .text._ZN5EnemyC2Ev
                0x000005fe        0x8 src/libraries/ShmupObjects/Enemy.o
                0x000005fe                _ZN5EnemyC1Ev
                0x000005fe                _ZN5EnemyC2Ev
 .text._ZN7EnmShotC2Ev
                0x00000606        0xa src/libraries/ShmupObjects/EnmShot.o
                0x00000606                _ZN7EnmShotC1Ev
                0x00000606                _ZN7EnmShotC2Ev
 .text._ZN6PlayerC2Ehh
                0x00000610       0x3c src/libraries/ShmupObjects/Player.o
                0x00000610                _ZN6PlayerC2Ehh
                0x00000610                _ZN6PlayerC1Ehh
 .text._ZN6Player5shootEv
                0x0000064c       0x3c src/libraries/ShmupObjects/Player.o
                0x0000064c                _ZN6Player5shootEv
 .text._ZN6Player4moveEv
                0x00000688       0x48 src/libraries/ShmupObjects/Player.o
                0x00000688                _ZN6Player4moveEv
 .text._ZN6Player4drawEv
                0x000006d0        0x8 src/libraries/ShmupObjects/Player.o
                0x000006d0                _ZN6Player4drawEv
 .text._ZN6Player12anim_explodeEh
                0x000006d8        0xe src/libraries/ShmupObjects/Player.o
                0x000006d8                _ZN6Player12anim_explodeEh
 .text._ZN6Player4TickEv
                0x000006e6      0x122 src/libraries/ShmupObjects/Player.o
                0x000006e6                _ZN6Player4TickEv
 .text._ZN10PlayerShotC2Ev
                0x00000808        0xa src/libraries/ShmupObjects/Player_Shot.o
                0x00000808                _ZN10PlayerShotC2Ev
                0x00000808                _ZN10PlayerShotC1Ev
 .text._ZN10PlayerShot6createEhhhh
                0x00000812       0x16 src/libraries/ShmupObjects/Player_Shot.o
                0x00000812                _ZN10PlayerShot6createEhhhh
 .text._ZN14SoftwareSerial4readEv
                0x00000828       0x42 src/libraries/SoftwareSerial/src/SoftwareSerial.o
                0x00000828                _ZN14SoftwareSerial4readEv
 .text._ZN14SoftwareSerial5writeEh
                0x0000086a       0xa8 src/libraries/SoftwareSerial/src/SoftwareSerial.o
                0x0000086a                _ZN14SoftwareSerial5writeEh
 .text._ZN14SoftwareSerial5flushEv
                0x00000912        0x2 src/libraries/SoftwareSerial/src/SoftwareSerial.o
                0x00000912                _ZN14SoftwareSerial5flushEv
 .text._ZN14SoftwareSerial4peekEv
                0x00000914       0x30 src/libraries/SoftwareSerial/src/SoftwareSerial.o
                0x00000914                _ZN14SoftwareSerial4peekEv
 .text._ZN14SoftwareSerial9availableEv
                0x00000944       0x30 src/libraries/SoftwareSerial/src/SoftwareSerial.o
                0x00000944                _ZN14SoftwareSerial9availableEv
 .text._ZN14SoftwareSerial13stopListeningEv
                0x00000974       0x2c src/libraries/SoftwareSerial/src/SoftwareSerial.o
                0x00000974                _ZN14SoftwareSerial13stopListeningEv
 .text._ZN14SoftwareSerial6listenEv
                0x000009a0       0x52 src/libraries/SoftwareSerial/src/SoftwareSerial.o
                0x000009a0                _ZN14SoftwareSerial6listenEv
 .text.__vector_3
                0x000009f2       0xf4 src/libraries/SoftwareSerial/src/SoftwareSerial.o
                0x000009f2                __vector_5
                0x000009f2                __vector_4
                0x000009f2                __vector_3
 .text._ZN14SoftwareSerialD2Ev
                0x00000ae6        0xe src/libraries/SoftwareSerial/src/SoftwareSerial.o
                0x00000ae6                _ZN14SoftwareSerialD1Ev
                0x00000ae6                _ZN14SoftwareSerialD2Ev
 .text._ZN14SoftwareSerial5setTXEh
                0x00000af4       0x52 src/libraries/SoftwareSerial/src/SoftwareSerial.o
                0x00000af4                _ZN14SoftwareSerial5setTXEh
 .text._ZN14SoftwareSerial5setRXEh
                0x00000b46       0x52 src/libraries/SoftwareSerial/src/SoftwareSerial.o
                0x00000b46                _ZN14SoftwareSerial5setRXEh
 .text._ZN14SoftwareSerialC2Ehhb
                0x00000b98       0x56 src/libraries/SoftwareSerial/src/SoftwareSerial.o
                0x00000b98                _ZN14SoftwareSerialC1Ehhb
                0x00000b98                _ZN14SoftwareSerialC2Ehhb
 .text._ZN14SoftwareSerial5beginEl
                0x00000bee      0x11c src/libraries/SoftwareSerial/src/SoftwareSerial.o
                0x00000bee                _ZN14SoftwareSerial5beginEl
 .text.twi_init
                0x00000d0a       0x3c src/libraries/Wire/src/utility/twi.o
                0x00000d0a                twi_init
 .text.twi_writeTo
                0x00000d46       0xac src/libraries/Wire/src/utility/twi.o
                0x00000d46                twi_writeTo
 .text.twi_transmit
                0x00000df2       0x32 src/libraries/Wire/src/utility/twi.o
                0x00000df2                twi_transmit
 .text.twi_stop
                0x00000e24       0x14 src/libraries/Wire/src/utility/twi.o
                0x00000e24                twi_stop
 .text.twi_releaseBus
                0x00000e38        0xc src/libraries/Wire/src/utility/twi.o
                0x00000e38                twi_releaseBus
 .text.__vector_24
                0x00000e44      0x25a src/libraries/Wire/src/utility/twi.o
                0x00000e44                __vector_24
 .text._ZN7TwoWire9availableEv
                0x0000109e       0x10 src/libraries/Wire/src/Wire.o
                0x0000109e                _ZN7TwoWire9availableEv
 .text._ZN7TwoWire4readEv
                0x000010ae       0x28 src/libraries/Wire/src/Wire.o
                0x000010ae                _ZN7TwoWire4readEv
 .text._ZN7TwoWire4peekEv
                0x000010d6       0x1e src/libraries/Wire/src/Wire.o
                0x000010d6                _ZN7TwoWire4peekEv
 .text._ZN7TwoWire5flushEv
                0x000010f4        0x2 src/libraries/Wire/src/Wire.o
                0x000010f4                _ZN7TwoWire5flushEv
 .text._ZN7TwoWire5writeEPKhj
                0x000010f6       0x60 src/libraries/Wire/src/Wire.o
                0x000010f6                _ZN7TwoWire5writeEPKhj
 .text._ZN7TwoWire5writeEh
                0x00001156       0x5e src/libraries/Wire/src/Wire.o
                0x00001156                _ZN7TwoWire5writeEh
 .text._ZN7TwoWireC2Ev
                0x000011b4       0x20 src/libraries/Wire/src/Wire.o
                0x000011b4                _ZN7TwoWireC1Ev
                0x000011b4                _ZN7TwoWireC2Ev
 .text._ZN7TwoWire5beginEv
                0x000011d4       0x14 src/libraries/Wire/src/Wire.o
                0x000011d4                _ZN7TwoWire5beginEv
 .text._ZN7TwoWire17beginTransmissionEh
                0x000011e8       0x14 src/libraries/Wire/src/Wire.o
                0x000011e8                _ZN7TwoWire17beginTransmissionEh
 .text._ZN7TwoWire17beginTransmissionEi
                0x000011fc        0x4 src/libraries/Wire/src/Wire.o
                0x000011fc                _ZN7TwoWire17beginTransmissionEi
 .text._ZN7TwoWire15endTransmissionEh
                0x00001200       0x26 src/libraries/Wire/src/Wire.o
                0x00001200                _ZN7TwoWire15endTransmissionEh
 .text._ZN7TwoWire15endTransmissionEv
                0x00001226        0x6 src/libraries/Wire/src/Wire.o
                0x00001226                _ZN7TwoWire15endTransmissionEv
 .text.startup._GLOBAL__sub_I__ZN7TwoWire8rxBufferE
                0x0000122c        0x8 src/libraries/Wire/src/Wire.o
 .text._ZN14HardwareSerial9availableEv
                0x00001234       0x18 C:\Users\Mark\Documents\Atmel Studio\7.0\Custom Project\Matrix Logic\ArduinoCore\Debug\libArduinoCore.a(HardwareSerial.o)
                0x00001234                _ZN14HardwareSerial9availableEv
 .text._ZN14HardwareSerial4peekEv
                0x0000124c       0x1c C:\Users\Mark\Documents\Atmel Studio\7.0\Custom Project\Matrix Logic\ArduinoCore\Debug\libArduinoCore.a(HardwareSerial.o)
                0x0000124c                _ZN14HardwareSerial4peekEv
 .text._ZN14HardwareSerial4readEv
                0x00001268       0x28 C:\Users\Mark\Documents\Atmel Studio\7.0\Custom Project\Matrix Logic\ArduinoCore\Debug\libArduinoCore.a(HardwareSerial.o)
                0x00001268                _ZN14HardwareSerial4readEv
 .text._Z14serialEventRunv
                0x00001290       0x1c C:\Users\Mark\Documents\Atmel Studio\7.0\Custom Project\Matrix Logic\ArduinoCore\Debug\libArduinoCore.a(HardwareSerial.o)
                0x00001290                _Z14serialEventRunv
 .text._ZN14HardwareSerial17_tx_udr_empty_irqEv
                0x000012ac       0x42 C:\Users\Mark\Documents\Atmel Studio\7.0\Custom Project\Matrix Logic\ArduinoCore\Debug\libArduinoCore.a(HardwareSerial.o)
                0x000012ac                _ZN14HardwareSerial17_tx_udr_empty_irqEv
 .text._ZN14HardwareSerial5flushEv
                0x000012ee       0x44 C:\Users\Mark\Documents\Atmel Studio\7.0\Custom Project\Matrix Logic\ArduinoCore\Debug\libArduinoCore.a(HardwareSerial.o)
                0x000012ee                _ZN14HardwareSerial5flushEv
 .text._ZN14HardwareSerial5writeEh
                0x00001332       0x8e C:\Users\Mark\Documents\Atmel Studio\7.0\Custom Project\Matrix Logic\ArduinoCore\Debug\libArduinoCore.a(HardwareSerial.o)
                0x00001332                _ZN14HardwareSerial5writeEh
 .text._ZN14HardwareSerial5beginEmh
                0x000013c0       0xca C:\Users\Mark\Documents\Atmel Studio\7.0\Custom Project\Matrix Logic\ArduinoCore\Debug\libArduinoCore.a(HardwareSerial.o)
                0x000013c0                _ZN14HardwareSerial5beginEmh
 .text.__vector_18
                0x0000148a       0x64 C:\Users\Mark\Documents\Atmel Studio\7.0\Custom Project\Matrix Logic\ArduinoCore\Debug\libArduinoCore.a(HardwareSerial0.o)
                0x0000148a                __vector_18
 .text.__vector_19
                0x000014ee       0x4c C:\Users\Mark\Documents\Atmel Studio\7.0\Custom Project\Matrix Logic\ArduinoCore\Debug\libArduinoCore.a(HardwareSerial0.o)
                0x000014ee                __vector_19
 .text._Z17Serial0_availablev
                0x0000153a       0x14 C:\Users\Mark\Documents\Atmel Studio\7.0\Custom Project\Matrix Logic\ArduinoCore\Debug\libArduinoCore.a(HardwareSerial0.o)
                0x0000153a                _Z17Serial0_availablev
 .text.startup._GLOBAL__sub_I___vector_18
                0x0000154e       0x5a C:\Users\Mark\Documents\Atmel Studio\7.0\Custom Project\Matrix Logic\ArduinoCore\Debug\libArduinoCore.a(HardwareSerial0.o)
 .text.initVariant
                0x000015a8        0x2 C:\Users\Mark\Documents\Atmel Studio\7.0\Custom Project\Matrix Logic\ArduinoCore\Debug\libArduinoCore.a(main.o)
                0x000015a8                initVariant
 .text.startup.main
                0x000015aa       0x1e C:\Users\Mark\Documents\Atmel Studio\7.0\Custom Project\Matrix Logic\ArduinoCore\Debug\libArduinoCore.a(main.o)
                0x000015aa                main
 .text._Znwj    0x000015c8        0x4 C:\Users\Mark\Documents\Atmel Studio\7.0\Custom Project\Matrix Logic\ArduinoCore\Debug\libArduinoCore.a(new.o)
                0x000015c8                _Znwj
 .text._ZN5Print5writeEPKhj
                0x000015cc       0x56 C:\Users\Mark\Documents\Atmel Studio\7.0\Custom Project\Matrix Logic\ArduinoCore\Debug\libArduinoCore.a(Print.o)
                0x000015cc                _ZN5Print5writeEPKhj
 .text._ZN5Print5writeEPKc
                0x00001622       0x2a C:\Users\Mark\Documents\Atmel Studio\7.0\Custom Project\Matrix Logic\ArduinoCore\Debug\libArduinoCore.a(Print.o)
                0x00001622                _ZN5Print5writeEPKc
 .text._ZN5Print5printEPK19__FlashStringHelper
                0x0000164c       0x48 C:\Users\Mark\Documents\Atmel Studio\7.0\Custom Project\Matrix Logic\ArduinoCore\Debug\libArduinoCore.a(Print.o)
                0x0000164c                _ZN5Print5printEPK19__FlashStringHelper
 .text._ZN5Print7printlnEv
                0x00001694        0x8 C:\Users\Mark\Documents\Atmel Studio\7.0\Custom Project\Matrix Logic\ArduinoCore\Debug\libArduinoCore.a(Print.o)
                0x00001694                _ZN5Print7printlnEv
 .text._ZN5Print7printlnEPK19__FlashStringHelper
                0x0000169c       0x24 C:\Users\Mark\Documents\Atmel Studio\7.0\Custom Project\Matrix Logic\ArduinoCore\Debug\libArduinoCore.a(Print.o)
                0x0000169c                _ZN5Print7printlnEPK19__FlashStringHelper
 .text.__vector_16
                0x000016c0       0x94 C:\Users\Mark\Documents\Atmel Studio\7.0\Custom Project\Matrix Logic\ArduinoCore\Debug\libArduinoCore.a(wiring.o)
                0x000016c0                __vector_16
 .text.init     0x00001754       0x76 C:\Users\Mark\Documents\Atmel Studio\7.0\Custom Project\Matrix Logic\ArduinoCore\Debug\libArduinoCore.a(wiring.o)
                0x00001754                init
 .text.turnOffPWM
                0x000017ca       0x52 C:\Users\Mark\Documents\Atmel Studio\7.0\Custom Project\Matrix Logic\ArduinoCore\Debug\libArduinoCore.a(wiring_digital.o)
 .text.pinMode  0x0000181c       0x78 C:\Users\Mark\Documents\Atmel Studio\7.0\Custom Project\Matrix Logic\ArduinoCore\Debug\libArduinoCore.a(wiring_digital.o)
                0x0000181c                pinMode
 .text.digitalWrite
                0x00001894       0x60 C:\Users\Mark\Documents\Atmel Studio\7.0\Custom Project\Matrix Logic\ArduinoCore\Debug\libArduinoCore.a(wiring_digital.o)
                0x00001894                digitalWrite
 .text.libgcc.div
                0x000018f4       0x18 c:/program files (x86)/atmel/studio/7.0/toolchain/avr8/avr8-gnu-toolchain/bin/../lib/gcc/avr/4.9.2/avr5\libgcc.a(_udivmodqi4.o)
                0x000018f4                __udivmodqi4
 .text.libgcc.div
                0x0000190c       0x28 c:/program files (x86)/atmel/studio/7.0/toolchain/avr8/avr8-gnu-toolchain/bin/../lib/gcc/avr/4.9.2/avr5\libgcc.a(_udivmodhi4.o)
                0x0000190c                __udivmodhi4
 .text.libgcc.div
                0x00001934       0x28 c:/program files (x86)/atmel/studio/7.0/toolchain/avr8/avr8-gnu-toolchain/bin/../lib/gcc/avr/4.9.2/avr5\libgcc.a(_divmodhi4.o)
                0x00001934                _div
                0x00001934                __divmodhi4
 .text.libgcc.div
                0x0000195c       0x44 c:/program files (x86)/atmel/studio/7.0/toolchain/avr8/avr8-gnu-toolchain/bin/../lib/gcc/avr/4.9.2/avr5\libgcc.a(_udivmodsi4.o)
                0x0000195c                __udivmodsi4
 .text.libgcc.div
                0x000019a0       0x2e c:/program files (x86)/atmel/studio/7.0/toolchain/avr8/avr8-gnu-toolchain/bin/../lib/gcc/avr/4.9.2/avr5\libgcc.a(_divmodsi4.o)
                0x000019a0                __divmodsi4
 .text.libgcc.div
                0x000019ce       0x10 c:/program files (x86)/atmel/studio/7.0/toolchain/avr8/avr8-gnu-toolchain/bin/../lib/gcc/avr/4.9.2/avr5\libgcc.a(_negsi2.o)
                0x000019ce                __negsi2
 .text.libgcc   0x000019de        0xc c:/program files (x86)/atmel/studio/7.0/toolchain/avr8/avr8-gnu-toolchain/bin/../lib/gcc/avr/4.9.2/avr5\libgcc.a(_tablejump2.o)
                0x000019de                __tablejump2__
 .text.avr-libc
                0x000019ea      0x25a c:/program files (x86)/atmel/studio/7.0/toolchain/avr8/avr8-gnu-toolchain/bin/../lib/gcc/avr/4.9.2/../../../../avr/lib/avr5\libc.a(malloc.o)
                0x000019ea                malloc
                0x00001b14                free
                0x00001c44                . = ALIGN (0x2)
 *(.fini9)
 .fini9         0x00001c44        0x0 c:/program files (x86)/atmel/studio/7.0/toolchain/avr8/avr8-gnu-toolchain/bin/../lib/gcc/avr/4.9.2/avr5\libgcc.a(_exit.o)
                0x00001c44                _exit
                0x00001c44                exit
 *(.fini9)
 *(.fini8)
 *(.fini8)
 *(.fini7)
 *(.fini7)
 *(.fini6)
 .fini6         0x00001c44       0x16 c:/program files (x86)/atmel/studio/7.0/toolchain/avr8/avr8-gnu-toolchain/bin/../lib/gcc/avr/4.9.2/avr5\libgcc.a(_dtors.o)
                0x00001c44                __do_global_dtors
 *(.fini6)
 *(.fini5)
 *(.fini5)
 *(.fini4)
 *(.fini4)
 *(.fini3)
 *(.fini3)
 *(.fini2)
 *(.fini2)
 *(.fini1)
 *(.fini1)
 *(.fini0)
 .fini0         0x00001c5a        0x4 c:/program files (x86)/atmel/studio/7.0/toolchain/avr8/avr8-gnu-toolchain/bin/../lib/gcc/avr/4.9.2/avr5\libgcc.a(_exit.o)
 *(.fini0)
                0x00001c5e                _etext = .

.data           0x00800100       0x48 load address 0x00001c5e
                0x00800100                PROVIDE (__data_start, .)
 *(.data)
 .data          0x00800100        0x6 c:/program files (x86)/atmel/studio/7.0/toolchain/avr8/avr8-gnu-toolchain/bin/../lib/gcc/avr/4.9.2/../../../../avr/lib/avr5\libc.a(malloc.o)
                0x00800100                __malloc_heap_end
                0x00800102                __malloc_heap_start
                0x00800104                __malloc_margin
 *(.data*)
 .data._ZZ4loopE6output
                0x00800106        0x1 main.o
 *(.rodata)
 *(.rodata*)
 .rodata._ZTV14SoftwareSerial
                0x00800107       0x10 src/libraries/SoftwareSerial/src/SoftwareSerial.o
                0x00800107                _ZTV14SoftwareSerial
 .rodata._ZTV7TwoWire
                0x00800117       0x10 src/libraries/Wire/src/Wire.o
                0x00800117                _ZTV7TwoWire
 .rodata._ZTV14HardwareSerial
                0x00800127       0x10 C:\Users\Mark\Documents\Atmel Studio\7.0\Custom Project\Matrix Logic\ArduinoCore\Debug\libArduinoCore.a(HardwareSerial.o)
                0x00800127                _ZTV14HardwareSerial
 .rodata.str1.1
                0x00800137       0x11 C:\Users\Mark\Documents\Atmel Studio\7.0\Custom Project\Matrix Logic\ArduinoCore\Debug\libArduinoCore.a(Print.o)
 *(.gnu.linkonce.d*)
                0x00800148                . = ALIGN (0x2)
                0x00800148                _edata = .
                0x00800148                PROVIDE (__data_end, .)

.bss            0x00800148      0x2cd
                0x00800148                PROVIDE (__bss_start, .)
 *(.bss)
 *(.bss*)
 .bss.UpdateFlag
                0x00800148        0x1 main.o
                0x00800148                UpdateFlag
 .bss.altSerial
                0x00800149       0x1f main.o
                0x00800149                altSerial
 .bss.debug     0x00800168        0x1 main.o
                0x00800168                debug
 .bss.p2_input  0x00800169        0x1 main.o
                0x00800169                p2_input
 .bss.p1_input  0x0080016a        0x1 main.o
                0x0080016a                p1_input
 .bss.game_event
                0x0080016b        0x1 main.o
                0x0080016b                game_event
 .bss.dir       0x0080016c        0x2 main.o
                0x0080016c                dir
 .bss.p2        0x0080016e        0xe main.o
                0x0080016e                p2
 .bss.p1        0x0080017c        0xe main.o
                0x0080017c                p1
 .bss.enms      0x0080018a       0x10 main.o
                0x0080018a                enms
 .bss.enm_bullets
                0x0080019a       0x80 main.o
                0x0080019a                enm_bullets
 .bss.pl_bullets
                0x0080021a       0x40 main.o
                0x0080021a                pl_bullets
 .bss._ZN8MsTimer25tcnt2E
                0x0080025a        0x2 src/libraries/MsTimer2/MsTimer2.o
                0x0080025a                _ZN8MsTimer25tcnt2E
 .bss._ZN8MsTimer211overflowingE
                0x0080025c        0x1 src/libraries/MsTimer2/MsTimer2.o
                0x0080025c                _ZN8MsTimer211overflowingE
 .bss._ZN8MsTimer25countE
                0x0080025d        0x4 src/libraries/MsTimer2/MsTimer2.o
                0x0080025d                _ZN8MsTimer25countE
 .bss._ZN8MsTimer24funcE
                0x00800261        0x2 src/libraries/MsTimer2/MsTimer2.o
                0x00800261                _ZN8MsTimer24funcE
 .bss._ZN8MsTimer25msecsE
                0x00800263        0x4 src/libraries/MsTimer2/MsTimer2.o
                0x00800263                _ZN8MsTimer25msecsE
 .bss._ZN14SoftwareSerial20_receive_buffer_headE
                0x00800267        0x1 src/libraries/SoftwareSerial/src/SoftwareSerial.o
                0x00800267                _ZN14SoftwareSerial20_receive_buffer_headE
 .bss._ZN14SoftwareSerial20_receive_buffer_tailE
                0x00800268        0x1 src/libraries/SoftwareSerial/src/SoftwareSerial.o
                0x00800268                _ZN14SoftwareSerial20_receive_buffer_tailE
 .bss._ZN14SoftwareSerial15_receive_bufferE
                0x00800269       0x40 src/libraries/SoftwareSerial/src/SoftwareSerial.o
                0x00800269                _ZN14SoftwareSerial15_receive_bufferE
 .bss._ZN14SoftwareSerial13active_objectE
                0x008002a9        0x2 src/libraries/SoftwareSerial/src/SoftwareSerial.o
                0x008002a9                _ZN14SoftwareSerial13active_objectE
 .bss.twi_error
                0x008002ab        0x1 src/libraries/Wire/src/utility/twi.o
 .bss.twi_rxBufferIndex
                0x008002ac        0x1 src/libraries/Wire/src/utility/twi.o
 .bss.twi_rxBuffer
                0x008002ad       0x20 src/libraries/Wire/src/utility/twi.o
 .bss.twi_txBufferLength
                0x008002cd        0x1 src/libraries/Wire/src/utility/twi.o
 .bss.twi_txBufferIndex
                0x008002ce        0x1 src/libraries/Wire/src/utility/twi.o
 .bss.twi_txBuffer
                0x008002cf       0x20 src/libraries/Wire/src/utility/twi.o
 .bss.twi_masterBufferLength
                0x008002ef        0x1 src/libraries/Wire/src/utility/twi.o
 .bss.twi_masterBufferIndex
                0x008002f0        0x1 src/libraries/Wire/src/utility/twi.o
 .bss.twi_masterBuffer
                0x008002f1       0x20 src/libraries/Wire/src/utility/twi.o
 .bss.twi_onSlaveReceive
                0x00800311        0x2 src/libraries/Wire/src/utility/twi.o
 .bss.twi_onSlaveTransmit
                0x00800313        0x2 src/libraries/Wire/src/utility/twi.o
 .bss.twi_inRepStart
                0x00800315        0x1 src/libraries/Wire/src/utility/twi.o
 .bss.twi_sendStop
                0x00800316        0x1 src/libraries/Wire/src/utility/twi.o
 .bss.twi_slarw
                0x00800317        0x1 src/libraries/Wire/src/utility/twi.o
 .bss.twi_state
                0x00800318        0x1 src/libraries/Wire/src/utility/twi.o
 .bss.Wire      0x00800319        0xc src/libraries/Wire/src/Wire.o
                0x00800319                Wire
 .bss._ZN7TwoWire12transmittingE
                0x00800325        0x1 src/libraries/Wire/src/Wire.o
                0x00800325                _ZN7TwoWire12transmittingE
 .bss._ZN7TwoWire14txBufferLengthE
                0x00800326        0x1 src/libraries/Wire/src/Wire.o
                0x00800326                _ZN7TwoWire14txBufferLengthE
 .bss._ZN7TwoWire13txBufferIndexE
                0x00800327        0x1 src/libraries/Wire/src/Wire.o
                0x00800327                _ZN7TwoWire13txBufferIndexE
 .bss._ZN7TwoWire8txBufferE
                0x00800328       0x20 src/libraries/Wire/src/Wire.o
                0x00800328                _ZN7TwoWire8txBufferE
 .bss._ZN7TwoWire9txAddressE
                0x00800348        0x1 src/libraries/Wire/src/Wire.o
                0x00800348                _ZN7TwoWire9txAddressE
 .bss._ZN7TwoWire14rxBufferLengthE
                0x00800349        0x1 src/libraries/Wire/src/Wire.o
                0x00800349                _ZN7TwoWire14rxBufferLengthE
 .bss._ZN7TwoWire13rxBufferIndexE
                0x0080034a        0x1 src/libraries/Wire/src/Wire.o
                0x0080034a                _ZN7TwoWire13rxBufferIndexE
 .bss._ZN7TwoWire8rxBufferE
                0x0080034b       0x20 src/libraries/Wire/src/Wire.o
                0x0080034b                _ZN7TwoWire8rxBufferE
 .bss.Serial    0x0080036b       0x9d C:\Users\Mark\Documents\Atmel Studio\7.0\Custom Project\Matrix Logic\ArduinoCore\Debug\libArduinoCore.a(HardwareSerial0.o)
                0x0080036b                Serial
 .bss.timer0_fract
                0x00800408        0x1 C:\Users\Mark\Documents\Atmel Studio\7.0\Custom Project\Matrix Logic\ArduinoCore\Debug\libArduinoCore.a(wiring.o)
 .bss.timer0_millis
                0x00800409        0x4 C:\Users\Mark\Documents\Atmel Studio\7.0\Custom Project\Matrix Logic\ArduinoCore\Debug\libArduinoCore.a(wiring.o)
                0x00800409                timer0_millis
 .bss.timer0_overflow_count
                0x0080040d        0x4 C:\Users\Mark\Documents\Atmel Studio\7.0\Custom Project\Matrix Logic\ArduinoCore\Debug\libArduinoCore.a(wiring.o)
                0x0080040d                timer0_overflow_count
 *(COMMON)
 COMMON         0x00800411        0x4 c:/program files (x86)/atmel/studio/7.0/toolchain/avr8/avr8-gnu-toolchain/bin/../lib/gcc/avr/4.9.2/../../../../avr/lib/avr5\libc.a(malloc.o)
                0x00800411                __brkval
                0x00800413                __flp
                0x00800415                PROVIDE (__bss_end, .)
                0x00001c5e                __data_load_start = LOADADDR (.data)
                0x00001ca6                __data_load_end = (__data_load_start + SIZEOF (.data))

.noinit         0x00800415        0x0
                0x00800415                PROVIDE (__noinit_start, .)
 *(.noinit*)
                0x00800415                PROVIDE (__noinit_end, .)
                0x00800415                _end = .
                0x00800415                PROVIDE (__heap_start, .)

.eeprom         0x00810000        0x0
 *(.eeprom*)
                0x00810000                __eeprom_end = .

.fuse
 *(.fuse)
 *(.lfuse)
 *(.hfuse)
 *(.efuse)

.lock
 *(.lock*)

.signature
 *(.signature*)

.user_signatures
 *(.user_signatures*)

.stab
 *(.stab)

.stabstr
 *(.stabstr)

.stab.excl
 *(.stab.excl)

.stab.exclstr
 *(.stab.exclstr)

.stab.index
 *(.stab.index)

.stab.indexstr
 *(.stab.indexstr)

.comment        0x00000000       0x30
 *(.comment)
 .comment       0x00000000       0x30 main.o
                                 0x31 (size before relaxing)
 .comment       0x00000030       0x31 src/libraries/MsTimer2/MsTimer2.o
 .comment       0x00000030       0x31 src/libraries/ShmupObjects/Director.o
 .comment       0x00000030       0x31 src/libraries/ShmupObjects/Enemy.o
 .comment       0x00000030       0x31 src/libraries/ShmupObjects/EnmShot.o
 .comment       0x00000030       0x31 src/libraries/ShmupObjects/Player.o
 .comment       0x00000030       0x31 src/libraries/ShmupObjects/Player_Shot.o
 .comment       0x00000030       0x31 src/libraries/SoftwareSerial/src/SoftwareSerial.o
 .comment       0x00000030       0x31 src/libraries/Wire/src/utility/twi.o
 .comment       0x00000030       0x31 src/libraries/Wire/src/Wire.o
 .comment       0x00000030       0x31 C:\Users\Mark\Documents\Atmel Studio\7.0\Custom Project\Matrix Logic\ArduinoCore\Debug\libArduinoCore.a(HardwareSerial.o)
 .comment       0x00000030       0x31 C:\Users\Mark\Documents\Atmel Studio\7.0\Custom Project\Matrix Logic\ArduinoCore\Debug\libArduinoCore.a(HardwareSerial0.o)
 .comment       0x00000030       0x31 C:\Users\Mark\Documents\Atmel Studio\7.0\Custom Project\Matrix Logic\ArduinoCore\Debug\libArduinoCore.a(main.o)
 .comment       0x00000030       0x31 C:\Users\Mark\Documents\Atmel Studio\7.0\Custom Project\Matrix Logic\ArduinoCore\Debug\libArduinoCore.a(new.o)
 .comment       0x00000030       0x31 C:\Users\Mark\Documents\Atmel Studio\7.0\Custom Project\Matrix Logic\ArduinoCore\Debug\libArduinoCore.a(Print.o)
 .comment       0x00000030       0x31 C:\Users\Mark\Documents\Atmel Studio\7.0\Custom Project\Matrix Logic\ArduinoCore\Debug\libArduinoCore.a(wiring.o)
 .comment       0x00000030       0x31 C:\Users\Mark\Documents\Atmel Studio\7.0\Custom Project\Matrix Logic\ArduinoCore\Debug\libArduinoCore.a(wiring_digital.o)
 .comment       0x00000030       0x31 c:/program files (x86)/atmel/studio/7.0/toolchain/avr8/avr8-gnu-toolchain/bin/../lib/gcc/avr/4.9.2/../../../../avr/lib/avr5\libc.a(malloc.o)

.note.gnu.avr.deviceinfo
                0x00000000       0x40
 .note.gnu.avr.deviceinfo
                0x00000000       0x40 C:/Program Files (x86)/Atmel/Studio/7.0/Packs/atmel/ATmega_DFP/1.0.98/gcc/dev/atmega328p/avr5/crtatmega328p.o

.note.gnu.build-id
 *(.note.gnu.build-id)

.debug
 *(.debug)

.line
 *(.line)

.debug_srcinfo
 *(.debug_srcinfo)

.debug_sfnames
 *(.debug_sfnames)

.debug_aranges  0x00000000      0x710
 *(.debug_aranges)
 .debug_aranges
                0x00000000       0x88 main.o
 .debug_aranges
                0x00000088       0x40 src/libraries/MsTimer2/MsTimer2.o
 .debug_aranges
                0x000000c8       0x30 src/libraries/ShmupObjects/Director.o
 .debug_aranges
                0x000000f8       0x90 src/libraries/ShmupObjects/Enemy.o
 .debug_aranges
                0x00000188       0x68 src/libraries/ShmupObjects/EnmShot.o
 .debug_aranges
                0x000001f0       0x58 src/libraries/ShmupObjects/Player.o
 .debug_aranges
                0x00000248       0x48 src/libraries/ShmupObjects/Player_Shot.o
 .debug_aranges
                0x00000290       0x98 src/libraries/SoftwareSerial/src/SoftwareSerial.o
 .debug_aranges
                0x00000328       0x80 src/libraries/Wire/src/utility/twi.o
 .debug_aranges
                0x000003a8       0xe8 src/libraries/Wire/src/Wire.o
 .debug_aranges
                0x00000490       0x68 C:\Users\Mark\Documents\Atmel Studio\7.0\Custom Project\Matrix Logic\ArduinoCore\Debug\libArduinoCore.a(HardwareSerial.o)
 .debug_aranges
                0x000004f8       0x38 C:\Users\Mark\Documents\Atmel Studio\7.0\Custom Project\Matrix Logic\ArduinoCore\Debug\libArduinoCore.a(HardwareSerial0.o)
 .debug_aranges
                0x00000530       0x38 C:\Users\Mark\Documents\Atmel Studio\7.0\Custom Project\Matrix Logic\ArduinoCore\Debug\libArduinoCore.a(main.o)
 .debug_aranges
                0x00000568       0x38 C:\Users\Mark\Documents\Atmel Studio\7.0\Custom Project\Matrix Logic\ArduinoCore\Debug\libArduinoCore.a(new.o)
 .debug_aranges
                0x000005a0       0xf0 C:\Users\Mark\Documents\Atmel Studio\7.0\Custom Project\Matrix Logic\ArduinoCore\Debug\libArduinoCore.a(Print.o)
 .debug_aranges
                0x00000690       0x48 C:\Users\Mark\Documents\Atmel Studio\7.0\Custom Project\Matrix Logic\ArduinoCore\Debug\libArduinoCore.a(wiring.o)
 .debug_aranges
                0x000006d8       0x38 C:\Users\Mark\Documents\Atmel Studio\7.0\Custom Project\Matrix Logic\ArduinoCore\Debug\libArduinoCore.a(wiring_digital.o)

.debug_pubnames
 *(.debug_pubnames)

.debug_info     0x00000000    0x1081a
 *(.debug_info .gnu.linkonce.wi.*)
 .debug_info    0x00000000     0x1c0c main.o
 .debug_info    0x00001c0c      0x211 src/libraries/MsTimer2/MsTimer2.o
 .debug_info    0x00001e1d      0xad4 src/libraries/ShmupObjects/Director.o
 .debug_info    0x000028f1      0xedc src/libraries/ShmupObjects/Enemy.o
 .debug_info    0x000037cd      0xbd7 src/libraries/ShmupObjects/EnmShot.o
 .debug_info    0x000043a4      0x8a8 src/libraries/ShmupObjects/Player.o
 .debug_info    0x00004c4c      0x4c9 src/libraries/ShmupObjects/Player_Shot.o
 .debug_info    0x00005115     0x258d src/libraries/SoftwareSerial/src/SoftwareSerial.o
 .debug_info    0x000076a2      0x607 src/libraries/Wire/src/utility/twi.o
 .debug_info    0x00007ca9     0x2476 src/libraries/Wire/src/Wire.o
 .debug_info    0x0000a11f     0x1b95 C:\Users\Mark\Documents\Atmel Studio\7.0\Custom Project\Matrix Logic\ArduinoCore\Debug\libArduinoCore.a(HardwareSerial.o)
 .debug_info    0x0000bcb4     0x17b0 C:\Users\Mark\Documents\Atmel Studio\7.0\Custom Project\Matrix Logic\ArduinoCore\Debug\libArduinoCore.a(HardwareSerial0.o)
 .debug_info    0x0000d464      0x225 C:\Users\Mark\Documents\Atmel Studio\7.0\Custom Project\Matrix Logic\ArduinoCore\Debug\libArduinoCore.a(main.o)
 .debug_info    0x0000d689      0x18c C:\Users\Mark\Documents\Atmel Studio\7.0\Custom Project\Matrix Logic\ArduinoCore\Debug\libArduinoCore.a(new.o)
 .debug_info    0x0000d815     0x2744 C:\Users\Mark\Documents\Atmel Studio\7.0\Custom Project\Matrix Logic\ArduinoCore\Debug\libArduinoCore.a(Print.o)
 .debug_info    0x0000ff59      0x2c8 C:\Users\Mark\Documents\Atmel Studio\7.0\Custom Project\Matrix Logic\ArduinoCore\Debug\libArduinoCore.a(wiring.o)
 .debug_info    0x00010221      0x5f9 C:\Users\Mark\Documents\Atmel Studio\7.0\Custom Project\Matrix Logic\ArduinoCore\Debug\libArduinoCore.a(wiring_digital.o)

.debug_abbrev   0x00000000     0x323a
 *(.debug_abbrev)
 .debug_abbrev  0x00000000      0x49d main.o
 .debug_abbrev  0x0000049d      0x114 src/libraries/MsTimer2/MsTimer2.o
 .debug_abbrev  0x000005b1      0x251 src/libraries/ShmupObjects/Director.o
 .debug_abbrev  0x00000802      0x31b src/libraries/ShmupObjects/Enemy.o
 .debug_abbrev  0x00000b1d      0x341 src/libraries/ShmupObjects/EnmShot.o
 .debug_abbrev  0x00000e5e      0x2a8 src/libraries/ShmupObjects/Player.o
 .debug_abbrev  0x00001106      0x247 src/libraries/ShmupObjects/Player_Shot.o
 .debug_abbrev  0x0000134d      0x61f src/libraries/SoftwareSerial/src/SoftwareSerial.o
 .debug_abbrev  0x0000196c      0x25f src/libraries/Wire/src/utility/twi.o
 .debug_abbrev  0x00001bcb      0x5b0 src/libraries/Wire/src/Wire.o
 .debug_abbrev  0x0000217b      0x44a C:\Users\Mark\Documents\Atmel Studio\7.0\Custom Project\Matrix Logic\ArduinoCore\Debug\libArduinoCore.a(HardwareSerial.o)
 .debug_abbrev  0x000025c5      0x394 C:\Users\Mark\Documents\Atmel Studio\7.0\Custom Project\Matrix Logic\ArduinoCore\Debug\libArduinoCore.a(HardwareSerial0.o)
 .debug_abbrev  0x00002959      0x102 C:\Users\Mark\Documents\Atmel Studio\7.0\Custom Project\Matrix Logic\ArduinoCore\Debug\libArduinoCore.a(main.o)
 .debug_abbrev  0x00002a5b       0xd9 C:\Users\Mark\Documents\Atmel Studio\7.0\Custom Project\Matrix Logic\ArduinoCore\Debug\libArduinoCore.a(new.o)
 .debug_abbrev  0x00002b34      0x466 C:\Users\Mark\Documents\Atmel Studio\7.0\Custom Project\Matrix Logic\ArduinoCore\Debug\libArduinoCore.a(Print.o)
 .debug_abbrev  0x00002f9a      0x145 C:\Users\Mark\Documents\Atmel Studio\7.0\Custom Project\Matrix Logic\ArduinoCore\Debug\libArduinoCore.a(wiring.o)
 .debug_abbrev  0x000030df      0x15b C:\Users\Mark\Documents\Atmel Studio\7.0\Custom Project\Matrix Logic\ArduinoCore\Debug\libArduinoCore.a(wiring_digital.o)

.debug_line     0x00000000     0x2be6
 *(.debug_line .debug_line.* .debug_line_end)
 .debug_line    0x00000000      0x41c main.o
 .debug_line    0x0000041c       0xe6 src/libraries/MsTimer2/MsTimer2.o
 .debug_line    0x00000502      0x225 src/libraries/ShmupObjects/Director.o
 .debug_line    0x00000727      0x332 src/libraries/ShmupObjects/Enemy.o
 .debug_line    0x00000a59      0x2c6 src/libraries/ShmupObjects/EnmShot.o
 .debug_line    0x00000d1f      0x2d0 src/libraries/ShmupObjects/Player.o
 .debug_line    0x00000fef      0x215 src/libraries/ShmupObjects/Player_Shot.o
 .debug_line    0x00001204      0x4f3 src/libraries/SoftwareSerial/src/SoftwareSerial.o
 .debug_line    0x000016f7      0x2bc src/libraries/Wire/src/utility/twi.o
 .debug_line    0x000019b3      0x3d9 src/libraries/Wire/src/Wire.o
 .debug_line    0x00001d8c      0x2c6 C:\Users\Mark\Documents\Atmel Studio\7.0\Custom Project\Matrix Logic\ArduinoCore\Debug\libArduinoCore.a(HardwareSerial.o)
 .debug_line    0x00002052      0x211 C:\Users\Mark\Documents\Atmel Studio\7.0\Custom Project\Matrix Logic\ArduinoCore\Debug\libArduinoCore.a(HardwareSerial0.o)
 .debug_line    0x00002263      0x149 C:\Users\Mark\Documents\Atmel Studio\7.0\Custom Project\Matrix Logic\ArduinoCore\Debug\libArduinoCore.a(main.o)
 .debug_line    0x000023ac      0x143 C:\Users\Mark\Documents\Atmel Studio\7.0\Custom Project\Matrix Logic\ArduinoCore\Debug\libArduinoCore.a(new.o)
 .debug_line    0x000024ef      0x414 C:\Users\Mark\Documents\Atmel Studio\7.0\Custom Project\Matrix Logic\ArduinoCore\Debug\libArduinoCore.a(Print.o)
 .debug_line    0x00002903      0x195 C:\Users\Mark\Documents\Atmel Studio\7.0\Custom Project\Matrix Logic\ArduinoCore\Debug\libArduinoCore.a(wiring.o)
 .debug_line    0x00002a98      0x14e C:\Users\Mark\Documents\Atmel Studio\7.0\Custom Project\Matrix Logic\ArduinoCore\Debug\libArduinoCore.a(wiring_digital.o)

.debug_frame    0x00000000     0x130c
 *(.debug_frame)
 .debug_frame   0x00000000      0x164 main.o
 .debug_frame   0x00000164       0xac src/libraries/MsTimer2/MsTimer2.o
 .debug_frame   0x00000210       0x94 src/libraries/ShmupObjects/Director.o
 .debug_frame   0x000002a4      0x170 src/libraries/ShmupObjects/Enemy.o
 .debug_frame   0x00000414      0x11c src/libraries/ShmupObjects/EnmShot.o
 .debug_frame   0x00000530       0xc0 src/libraries/ShmupObjects/Player.o
 .debug_frame   0x000005f0       0x88 src/libraries/ShmupObjects/Player_Shot.o
 .debug_frame   0x00000678      0x1b4 src/libraries/SoftwareSerial/src/SoftwareSerial.o
 .debug_frame   0x0000082c      0x134 src/libraries/Wire/src/utility/twi.o
 .debug_frame   0x00000960      0x258 src/libraries/Wire/src/Wire.o
 .debug_frame   0x00000bb8      0x110 C:\Users\Mark\Documents\Atmel Studio\7.0\Custom Project\Matrix Logic\ArduinoCore\Debug\libArduinoCore.a(HardwareSerial.o)
 .debug_frame   0x00000cc8       0xc0 C:\Users\Mark\Documents\Atmel Studio\7.0\Custom Project\Matrix Logic\ArduinoCore\Debug\libArduinoCore.a(HardwareSerial0.o)
 .debug_frame   0x00000d88       0x54 C:\Users\Mark\Documents\Atmel Studio\7.0\Custom Project\Matrix Logic\ArduinoCore\Debug\libArduinoCore.a(main.o)
 .debug_frame   0x00000ddc       0x54 C:\Users\Mark\Documents\Atmel Studio\7.0\Custom Project\Matrix Logic\ArduinoCore\Debug\libArduinoCore.a(new.o)
 .debug_frame   0x00000e30      0x39c C:\Users\Mark\Documents\Atmel Studio\7.0\Custom Project\Matrix Logic\ArduinoCore\Debug\libArduinoCore.a(Print.o)
 .debug_frame   0x000011cc       0xc4 C:\Users\Mark\Documents\Atmel Studio\7.0\Custom Project\Matrix Logic\ArduinoCore\Debug\libArduinoCore.a(wiring.o)
 .debug_frame   0x00001290       0x7c C:\Users\Mark\Documents\Atmel Studio\7.0\Custom Project\Matrix Logic\ArduinoCore\Debug\libArduinoCore.a(wiring_digital.o)

.debug_str      0x00000000     0x32f4
 *(.debug_str)
 .debug_str     0x00000000      0xf32 main.o
                               0x1053 (size before relaxing)
 .debug_str     0x00000f32       0xf0 src/libraries/MsTimer2/MsTimer2.o
                                0x2ff (size before relaxing)
 .debug_str     0x00001022       0xb2 src/libraries/ShmupObjects/Director.o
                                0x82d (size before relaxing)
 .debug_str     0x000010d4       0x50 src/libraries/ShmupObjects/Enemy.o
                                0x7ff (size before relaxing)
 .debug_str     0x00001124       0x6b src/libraries/ShmupObjects/EnmShot.o
                                0x5c5 (size before relaxing)
 .debug_str     0x0000118f       0x3e src/libraries/ShmupObjects/Player.o
                                0x5ed (size before relaxing)
 .debug_str     0x000011cd       0x6b src/libraries/ShmupObjects/Player_Shot.o
                                0x3a0 (size before relaxing)
 .debug_str     0x00001238     0x11ac src/libraries/SoftwareSerial/src/SoftwareSerial.o
                               0x1559 (size before relaxing)
 .debug_str     0x000023e4      0x2b7 src/libraries/Wire/src/utility/twi.o
                                0x3c4 (size before relaxing)
 .debug_str     0x0000269b      0x437 src/libraries/Wire/src/Wire.o
                               0x151d (size before relaxing)
 .debug_str     0x00002ad2      0x30e C:\Users\Mark\Documents\Atmel Studio\7.0\Custom Project\Matrix Logic\ArduinoCore\Debug\libArduinoCore.a(HardwareSerial.o)
                               0x1266 (size before relaxing)
 .debug_str     0x00002de0       0x47 C:\Users\Mark\Documents\Atmel Studio\7.0\Custom Project\Matrix Logic\ArduinoCore\Debug\libArduinoCore.a(HardwareSerial0.o)
                               0x1066 (size before relaxing)
 .debug_str     0x00002e27       0x43 C:\Users\Mark\Documents\Atmel Studio\7.0\Custom Project\Matrix Logic\ArduinoCore\Debug\libArduinoCore.a(main.o)
                                0x295 (size before relaxing)
 .debug_str     0x00002e6a       0x67 C:\Users\Mark\Documents\Atmel Studio\7.0\Custom Project\Matrix Logic\ArduinoCore\Debug\libArduinoCore.a(new.o)
                                0x1e7 (size before relaxing)
 .debug_str     0x00002ed1      0x349 C:\Users\Mark\Documents\Atmel Studio\7.0\Custom Project\Matrix Logic\ArduinoCore\Debug\libArduinoCore.a(Print.o)
                                0xedf (size before relaxing)
 .debug_str     0x0000321a       0x71 C:\Users\Mark\Documents\Atmel Studio\7.0\Custom Project\Matrix Logic\ArduinoCore\Debug\libArduinoCore.a(wiring.o)
                                0x23f (size before relaxing)
 .debug_str     0x0000328b       0x69 C:\Users\Mark\Documents\Atmel Studio\7.0\Custom Project\Matrix Logic\ArduinoCore\Debug\libArduinoCore.a(wiring_digital.o)
                                0x2a4 (size before relaxing)

.debug_loc      0x00000000     0x61a0
 *(.debug_loc)
 .debug_loc     0x00000000      0x397 main.o
 .debug_loc     0x00000397       0xf3 src/libraries/MsTimer2/MsTimer2.o
 .debug_loc     0x0000048a      0x2af src/libraries/ShmupObjects/Director.o
 .debug_loc     0x00000739      0x590 src/libraries/ShmupObjects/Enemy.o
 .debug_loc     0x00000cc9      0x5d8 src/libraries/ShmupObjects/EnmShot.o
 .debug_loc     0x000012a1      0x290 src/libraries/ShmupObjects/Player.o
 .debug_loc     0x00001531      0x1aa src/libraries/ShmupObjects/Player_Shot.o
 .debug_loc     0x000016db      0xd69 src/libraries/SoftwareSerial/src/SoftwareSerial.o
 .debug_loc     0x00002444      0x419 src/libraries/Wire/src/utility/twi.o
 .debug_loc     0x0000285d      0xb72 src/libraries/Wire/src/Wire.o
 .debug_loc     0x000033cf      0x497 C:\Users\Mark\Documents\Atmel Studio\7.0\Custom Project\Matrix Logic\ArduinoCore\Debug\libArduinoCore.a(HardwareSerial.o)
 .debug_loc     0x00003866      0x161 C:\Users\Mark\Documents\Atmel Studio\7.0\Custom Project\Matrix Logic\ArduinoCore\Debug\libArduinoCore.a(HardwareSerial0.o)
 .debug_loc     0x000039c7       0x98 C:\Users\Mark\Documents\Atmel Studio\7.0\Custom Project\Matrix Logic\ArduinoCore\Debug\libArduinoCore.a(new.o)
 .debug_loc     0x00003a5f     0x1ef5 C:\Users\Mark\Documents\Atmel Studio\7.0\Custom Project\Matrix Logic\ArduinoCore\Debug\libArduinoCore.a(Print.o)
 .debug_loc     0x00005954      0x269 C:\Users\Mark\Documents\Atmel Studio\7.0\Custom Project\Matrix Logic\ArduinoCore\Debug\libArduinoCore.a(wiring.o)
 .debug_loc     0x00005bbd      0x5e3 C:\Users\Mark\Documents\Atmel Studio\7.0\Custom Project\Matrix Logic\ArduinoCore\Debug\libArduinoCore.a(wiring_digital.o)

.debug_macinfo
 *(.debug_macinfo)

.debug_weaknames
 *(.debug_weaknames)

.debug_funcnames
 *(.debug_funcnames)

.debug_typenames
 *(.debug_typenames)

.debug_varnames
 *(.debug_varnames)

.debug_pubtypes
 *(.debug_pubtypes)

.debug_ranges   0x00000000      0x768
 *(.debug_ranges)
 .debug_ranges  0x00000000       0x90 main.o
 .debug_ranges  0x00000090       0x30 src/libraries/MsTimer2/MsTimer2.o
 .debug_ranges  0x000000c0       0x20 src/libraries/ShmupObjects/Director.o
 .debug_ranges  0x000000e0       0x98 src/libraries/ShmupObjects/Enemy.o
 .debug_ranges  0x00000178       0xa0 src/libraries/ShmupObjects/EnmShot.o
 .debug_ranges  0x00000218       0x48 src/libraries/ShmupObjects/Player.o
 .debug_ranges  0x00000260       0x68 src/libraries/ShmupObjects/Player_Shot.o
 .debug_ranges  0x000002c8       0xe8 src/libraries/SoftwareSerial/src/SoftwareSerial.o
 .debug_ranges  0x000003b0       0x70 src/libraries/Wire/src/utility/twi.o
 .debug_ranges  0x00000420       0xd8 src/libraries/Wire/src/Wire.o
 .debug_ranges  0x000004f8       0x70 C:\Users\Mark\Documents\Atmel Studio\7.0\Custom Project\Matrix Logic\ArduinoCore\Debug\libArduinoCore.a(HardwareSerial.o)
 .debug_ranges  0x00000568       0x28 C:\Users\Mark\Documents\Atmel Studio\7.0\Custom Project\Matrix Logic\ArduinoCore\Debug\libArduinoCore.a(HardwareSerial0.o)
 .debug_ranges  0x00000590       0x28 C:\Users\Mark\Documents\Atmel Studio\7.0\Custom Project\Matrix Logic\ArduinoCore\Debug\libArduinoCore.a(main.o)
 .debug_ranges  0x000005b8       0x28 C:\Users\Mark\Documents\Atmel Studio\7.0\Custom Project\Matrix Logic\ArduinoCore\Debug\libArduinoCore.a(new.o)
 .debug_ranges  0x000005e0      0x128 C:\Users\Mark\Documents\Atmel Studio\7.0\Custom Project\Matrix Logic\ArduinoCore\Debug\libArduinoCore.a(Print.o)
 .debug_ranges  0x00000708       0x38 C:\Users\Mark\Documents\Atmel Studio\7.0\Custom Project\Matrix Logic\ArduinoCore\Debug\libArduinoCore.a(wiring.o)
 .debug_ranges  0x00000740       0x28 C:\Users\Mark\Documents\Atmel Studio\7.0\Custom Project\Matrix Logic\ArduinoCore\Debug\libArduinoCore.a(wiring_digital.o)

.debug_macro
 *(.debug_macro)
OUTPUT(Matrix_Logic.elf elf32-avr)
LOAD linker stubs
